DEBUG tests/test_scratch_arena.c:63: ----- RUNNING: ./test_lib/scratch_arena_tests
DEBUG tests/test_scratch_arena.c:55: 
------ test_create_arena
DEBUG tests/test_scratch_arena.c:56: 
------ test_arena_size_init
[ERROR] (tests/test_scratch_arena.c:26 errno: None) Arena size not correct
DEBUG tests/test_scratch_arena.c:63: ----- RUNNING: ./test_lib/scratch_arena_tests
DEBUG tests/test_scratch_arena.c:55: 
------ test_create_arena
DEBUG tests/test_scratch_arena.c:56: 
------ test_arena_size_init
[ERROR] (tests/test_scratch_arena.c:26 errno: None) Arena size not correct
DEBUG tests/test_scratch_arena.c:63: ----- RUNNING: ./test_lib/scratch_arena_tests
DEBUG tests/test_scratch_arena.c:55: 
------ test_create_arena
DEBUG tests/test_scratch_arena.c:56: 
------ test_arena_size_init
[ERROR] (tests/test_scratch_arena.c:26 errno: None) Arena size not correct
DEBUG tests/test_scratch_arena.c:63: ----- RUNNING: ./test_lib/scratch_arena_tests
DEBUG tests/test_scratch_arena.c:55: 
------ test_create_arena
DEBUG tests/test_scratch_arena.c:56: 
------ test_arena_size_init
[ERROR] (tests/test_scratch_arena.c:26 errno: None) Arena size not correct
DEBUG tests/test_scratch_arena.c:63: ----- RUNNING: ./test_lib/scratch_arena_tests
DEBUG tests/test_scratch_arena.c:55: 
------ test_create_arena
DEBUG tests/test_scratch_arena.c:56: 
------ test_arena_size_init
[ERROR] (tests/test_scratch_arena.c:26 errno: None) Arena size not correct
DEBUG tests/test_scratch_arena.c:63: ----- RUNNING: ./test_lib/scratch_arena_tests
DEBUG tests/test_scratch_arena.c:55: 
------ test_create_arena
DEBUG tests/test_scratch_arena.c:56: 
------ test_arena_size_init
[ERROR] (tests/test_scratch_arena.c:26 errno: None) Arena size not correct
DEBUG tests/test_scratch_arena.c:63: ----- RUNNING: ./test_lib/scratch_arena_tests
DEBUG tests/test_scratch_arena.c:55: 
------ test_create_arena
DEBUG tests/test_scratch_arena.c:56: 
------ test_arena_size_init
[ERROR] (tests/test_scratch_arena.c:26 errno: None) Arena size not correct
DEBUG tests/test_scratch_arena.c:64: ----- RUNNING: ./test_lib/scratch_arena_tests
DEBUG tests/test_scratch_arena.c:56: 
------ test_create_arena
DEBUG tests/test_scratch_arena.c:57: 
------ test_arena_size_init
DEBUG tests/test_scratch_arena.c:58: 
------ test_arena_offset_init
[ERROR] (tests/test_scratch_arena.c:34 errno: None) Arena initial offset misaligned
DEBUG tests/test_scratch_arena.c:64: ----- RUNNING: ./test_lib/scratch_arena_tests
DEBUG tests/test_scratch_arena.c:56: 
------ test_create_arena
DEBUG tests/test_scratch_arena.c:57: 
------ test_arena_size_init
DEBUG tests/test_scratch_arena.c:58: 
------ test_arena_offset_init
[ERROR] (tests/test_scratch_arena.c:34 errno: None) Arena initial offset misaligned
DEBUG tests/test_scratch_arena.c:64: ----- RUNNING: ./test_lib/scratch_arena_tests
DEBUG tests/test_scratch_arena.c:56: 
------ test_create_arena
DEBUG tests/test_scratch_arena.c:57: 
------ test_arena_size_init
DEBUG tests/test_scratch_arena.c:58: 
------ test_arena_offset_init
[ERROR] (tests/test_scratch_arena.c:34 errno: None) Arena initial offset misaligned
DEBUG tests/test_scratch_arena.c:64: ----- RUNNING: ./test_lib/scratch_arena_tests
DEBUG tests/test_scratch_arena.c:56: 
------ test_create_arena
[ERROR] (tests/test_scratch_arena.c:18 errno: None) Failed to create arena
DEBUG tests/test_scratch_arena.c:64: ----- RUNNING: ./test_lib/scratch_arena_tests
DEBUG tests/test_scratch_arena.c:56: 
------ test_create_arena
DEBUG tests/test_scratch_arena.c:57: 
------ test_arena_size_init
DEBUG tests/test_scratch_arena.c:58: 
------ test_arena_offset_init
[ERROR] (tests/test_scratch_arena.c:34 errno: None) Arena initial offset misaligned
DEBUG tests/test_scratch_arena.c:64: ----- RUNNING: ./test_lib/scratch_arena_tests
DEBUG tests/test_scratch_arena.c:56: 
------ test_create_arena
DEBUG tests/test_scratch_arena.c:57: 
------ test_arena_size_init
DEBUG tests/test_scratch_arena.c:58: 
------ test_arena_offset_init
DEBUG tests/test_scratch_arena.c:59: 
------ test_arena_previous_init
[ERROR] (tests/test_scratch_arena.c:41 errno: None) Arena initial previous not cleared
DEBUG tests/test_scratch_arena.c:64: ----- RUNNING: ./test_lib/scratch_arena_tests
DEBUG tests/test_scratch_arena.c:56: 
------ test_create_arena
DEBUG tests/test_scratch_arena.c:57: 
------ test_arena_size_init
DEBUG tests/test_scratch_arena.c:58: 
------ test_arena_offset_init
DEBUG tests/test_scratch_arena.c:59: 
------ test_arena_previous_init
DEBUG tests/test_scratch_arena.c:60: 
------ test_alloc_normal
DEBUG tests/test_scratch_arena.c:63: ----- RUNNING: ./test_lib/scratch_arena_tests
DEBUG tests/test_scratch_arena.c:55: 
------ test_create_arena
DEBUG tests/test_scratch_arena.c:56: 
------ test_arena_size_init
DEBUG tests/test_scratch_arena.c:57: 
------ test_arena_offset_init
DEBUG tests/test_scratch_arena.c:58: 
------ test_arena_previous_init
DEBUG tests/test_scratch_arena.c:59: 
------ test_alloc_normal
DEBUG tests/test_scratch_arena.c:63: ----- RUNNING: ./test_lib/scratch_arena_tests
DEBUG tests/test_scratch_arena.c:55: 
------ test_create_arena
DEBUG tests/test_scratch_arena.c:56: 
------ test_arena_size_init
DEBUG tests/test_scratch_arena.c:57: 
------ test_arena_offset_init
DEBUG tests/test_scratch_arena.c:58: 
------ test_arena_previous_init
DEBUG tests/test_scratch_arena.c:59: 
------ test_alloc_normal
DEBUG tests/test_scratch_arena.c:63: ----- RUNNING: ./test_lib/scratch_arena_tests
DEBUG tests/test_scratch_arena.c:55: 
------ test_create_arena
DEBUG tests/test_scratch_arena.c:56: 
------ test_arena_size_init
DEBUG tests/test_scratch_arena.c:57: 
------ test_arena_offset_init
DEBUG tests/test_scratch_arena.c:58: 
------ test_arena_previous_init
DEBUG tests/test_scratch_arena.c:59: 
------ test_alloc_normal
DEBUG tests/test_scratch_arena.c:73: ----- RUNNING: ./test_lib/scratch_arena_tests
DEBUG tests/test_scratch_arena.c:64: 
------ test_create_arena
DEBUG tests/test_scratch_arena.c:65: 
------ test_create_arena
DEBUG tests/test_scratch_arena.c:66: 
------ test_arena_size_init
DEBUG tests/test_scratch_arena.c:67: 
------ test_arena_offset_init
DEBUG tests/test_scratch_arena.c:68: 
------ test_arena_previous_init
DEBUG tests/test_scratch_arena.c:69: 
------ test_alloc_normal
DEBUG tests/test_scratch_arena.c:73: ----- RUNNING: ./test_lib/scratch_arena_tests
DEBUG tests/test_scratch_arena.c:64: 
------ test_create_arena
DEBUG tests/test_scratch_arena.c:65: 
------ test_alloc_overflow
ERROR: Arena overflow!
DEBUG tests/test_scratch_arena.c:66: 
------ test_arena_size_init
DEBUG tests/test_scratch_arena.c:67: 
------ test_arena_offset_init
DEBUG tests/test_scratch_arena.c:68: 
------ test_arena_previous_init
DEBUG tests/test_scratch_arena.c:69: 
------ test_alloc_normal
DEBUG tests/test_scratch_arena.c:77: ----- RUNNING: ./test_lib/scratch_arena_tests
DEBUG tests/test_scratch_arena.c:68: 
------ test_create_arena
DEBUG tests/test_scratch_arena.c:69: 
------ test_alloc_overflow
ERROR: Arena overflow!
DEBUG tests/test_scratch_arena.c:70: 
------ test_arena_size_init
DEBUG tests/test_scratch_arena.c:71: 
------ test_arena_offset_init
DEBUG tests/test_scratch_arena.c:72: 
------ test_arena_previous_init
DEBUG tests/test_scratch_arena.c:73: 
------ test_alloc_normal
DEBUG tests/test_scratch_arena.c:77: ----- RUNNING: ./test_lib/scratch_arena_tests
DEBUG tests/test_scratch_arena.c:68: 
------ test_create_arena
DEBUG tests/test_scratch_arena.c:69: 
------ test_alloc_overflow
ERROR: Arena overflow!
DEBUG tests/test_scratch_arena.c:70: 
------ test_arena_size_init
DEBUG tests/test_scratch_arena.c:71: 
------ test_arena_offset_init
DEBUG tests/test_scratch_arena.c:72: 
------ test_arena_previous_init
DEBUG tests/test_scratch_arena.c:73: 
------ test_alloc_normal
DEBUG tests/test_scratch_arena.c:77: ----- RUNNING: ./test_lib/scratch_arena_tests
DEBUG tests/test_scratch_arena.c:68: 
------ test_create_arena
DEBUG tests/test_scratch_arena.c:69: 
------ test_alloc_overflow
ERROR: Arena overflow!
DEBUG tests/test_scratch_arena.c:70: 
------ test_arena_size_init
DEBUG tests/test_scratch_arena.c:71: 
------ test_arena_offset_init
DEBUG tests/test_scratch_arena.c:72: 
------ test_arena_previous_init
DEBUG tests/test_scratch_arena.c:73: 
------ test_alloc_normal
DEBUG tests/test_scratch_arena.c:77: ----- RUNNING: ./test_lib/scratch_arena_tests
DEBUG tests/test_scratch_arena.c:68: 
------ test_create_arena
DEBUG tests/test_scratch_arena.c:69: 
------ test_alloc_overflow
ERROR: Arena overflow!
DEBUG tests/test_scratch_arena.c:70: 
------ test_arena_size_init
DEBUG tests/test_scratch_arena.c:71: 
------ test_arena_offset_init
DEBUG tests/test_scratch_arena.c:72: 
------ test_arena_previous_init
DEBUG tests/test_scratch_arena.c:73: 
------ test_alloc_normal
DEBUG tests/test_scratch_arena.c:77: ----- RUNNING: ./test_lib/scratch_arena_tests
DEBUG tests/test_scratch_arena.c:68: 
------ test_create_arena
DEBUG tests/test_scratch_arena.c:69: 
------ test_alloc_overflow
ERROR: Arena overflow!
DEBUG tests/test_scratch_arena.c:70: 
------ test_arena_size_init
DEBUG tests/test_scratch_arena.c:71: 
------ test_arena_offset_init
DEBUG tests/test_scratch_arena.c:72: 
------ test_arena_previous_init
DEBUG tests/test_scratch_arena.c:73: 
------ test_alloc_normal
DEBUG tests/test_scratch_arena.c:77: ----- RUNNING: ./test_lib/scratch_arena_tests
DEBUG tests/test_scratch_arena.c:68: 
------ test_create_arena
DEBUG tests/test_scratch_arena.c:69: 
------ test_alloc_overflow
ERROR: Arena overflow!
DEBUG tests/test_scratch_arena.c:70: 
------ test_arena_size_init
DEBUG tests/test_scratch_arena.c:71: 
------ test_arena_offset_init
DEBUG tests/test_scratch_arena.c:72: 
------ test_arena_previous_init
DEBUG tests/test_scratch_arena.c:73: 
------ test_alloc_normal
DEBUG tests/test_scratch_arena.c:77: ----- RUNNING: ./test_lib/scratch_arena_tests
DEBUG tests/test_scratch_arena.c:68: 
------ test_create_arena
DEBUG tests/test_scratch_arena.c:69: 
------ test_alloc_overflow
ERROR: Arena overflow!
DEBUG tests/test_scratch_arena.c:70: 
------ test_arena_size_init
DEBUG tests/test_scratch_arena.c:71: 
------ test_arena_offset_init
DEBUG tests/test_scratch_arena.c:72: 
------ test_arena_previous_init
DEBUG tests/test_scratch_arena.c:73: 
------ test_alloc_normal
DEBUG tests/test_scratch_arena.c:100: ----- RUNNING: ./test_lib/scratch_arena_tests
DEBUG tests/test_scratch_arena.c:89: 
------ test_create_arena
DEBUG tests/test_scratch_arena.c:90: 
------ test_alloc_overflow
ERROR: Arena overflow!
DEBUG tests/test_scratch_arena.c:91: 
------ test_alloc_zero_size
DEBUG tests/test_scratch_arena.c:92: 
------ test_alloc_exact_boundary
[ERROR] (tests/test_scratch_arena.c:82 errno: None) Expected NULL due to boundary overflow.
DEBUG tests/test_scratch_arena.c:100: ----- RUNNING: ./test_lib/scratch_arena_tests
DEBUG tests/test_scratch_arena.c:89: 
------ test_create_arena
DEBUG tests/test_scratch_arena.c:90: 
------ test_alloc_overflow
ERROR: Arena overflow!
DEBUG tests/test_scratch_arena.c:91: 
------ test_alloc_zero_size
DEBUG tests/test_scratch_arena.c:92: 
------ test_alloc_exact_boundary
[ERROR] (tests/test_scratch_arena.c:82 errno: None) Expected NULL due to boundary overflow.
DEBUG tests/test_scratch_arena.c:100: ----- RUNNING: ./test_lib/scratch_arena_tests
DEBUG tests/test_scratch_arena.c:89: 
------ test_create_arena
DEBUG tests/test_scratch_arena.c:90: 
------ test_alloc_overflow
ERROR: Arena overflow!
DEBUG tests/test_scratch_arena.c:91: 
------ test_alloc_zero_size
DEBUG tests/test_scratch_arena.c:92: 
------ test_alloc_exact_boundary
[ERROR] (tests/test_scratch_arena.c:82 errno: None) Expected NULL due to boundary overflow.
DEBUG tests/test_scratch_arena.c:101: ----- RUNNING: ./test_lib/scratch_arena_tests
DEBUG tests/test_scratch_arena.c:90: 
------ test_create_arena
DEBUG tests/test_scratch_arena.c:91: 
------ test_alloc_overflow
ERROR: Arena overflow!
DEBUG tests/test_scratch_arena.c:92: 
------ test_alloc_zero_size
DEBUG tests/test_scratch_arena.c:93: 
------ test_alloc_exact_boundary
[ERROR] (tests/test_scratch_arena.c:83 errno: None) Expected NULL due to boundary overflow.
DEBUG tests/test_scratch_arena.c:101: ----- RUNNING: ./test_lib/scratch_arena_tests
DEBUG tests/test_scratch_arena.c:90: 
------ test_create_arena
DEBUG tests/test_scratch_arena.c:91: 
------ test_alloc_overflow
ERROR: Arena overflow!
DEBUG tests/test_scratch_arena.c:92: 
------ test_alloc_zero_size
DEBUG tests/test_scratch_arena.c:93: 
------ test_alloc_exact_boundary
[ERROR] (tests/test_scratch_arena.c:83 errno: None) Expected NULL due to boundary overflow.
DEBUG tests/test_scratch_arena.c:101: ----- RUNNING: ./test_lib/scratch_arena_tests
DEBUG tests/test_scratch_arena.c:90: 
------ test_create_arena
DEBUG tests/test_scratch_arena.c:91: 
------ test_alloc_overflow
ERROR: Arena overflow!
DEBUG tests/test_scratch_arena.c:92: 
------ test_alloc_zero_size
DEBUG tests/test_scratch_arena.c:93: 
------ test_alloc_exact_boundary
[ERROR] (tests/test_scratch_arena.c:83 errno: None) Expected NULL due to boundary overflow.
DEBUG tests/test_scratch_arena.c:101: ----- RUNNING: ./test_lib/scratch_arena_tests
DEBUG tests/test_scratch_arena.c:90: 
------ test_create_arena
DEBUG tests/test_scratch_arena.c:91: 
------ test_alloc_overflow
ERROR: Arena overflow!
DEBUG tests/test_scratch_arena.c:92: 
------ test_alloc_zero_size
DEBUG tests/test_scratch_arena.c:93: 
------ test_alloc_exact_boundary
[ERROR] (tests/test_scratch_arena.c:83 errno: None) Expected NULL due to boundary overflow.
DEBUG tests/test_scratch_arena.c:101: ----- RUNNING: ./test_lib/scratch_arena_tests
DEBUG tests/test_scratch_arena.c:90: 
------ test_create_arena
DEBUG tests/test_scratch_arena.c:91: 
------ test_alloc_overflow
ERROR: Arena overflow!
DEBUG tests/test_scratch_arena.c:92: 
------ test_alloc_zero_size
DEBUG tests/test_scratch_arena.c:93: 
------ test_alloc_exact_boundary
[ERROR] (tests/test_scratch_arena.c:83 errno: None) Expected NULL due to boundary overflow.
DEBUG tests/test_scratch_arena.c:101: ----- RUNNING: ./test_lib/scratch_arena_tests
DEBUG tests/test_scratch_arena.c:90: 
------ test_create_arena
DEBUG tests/test_scratch_arena.c:91: 
------ test_alloc_overflow
ERROR: Arena overflow!
DEBUG tests/test_scratch_arena.c:92: 
------ test_alloc_zero_size
DEBUG tests/test_scratch_arena.c:93: 
------ test_alloc_exact_boundary
ERROR: Arena overflow!
DEBUG tests/test_scratch_arena.c:94: 
------ test_arena_size_init
DEBUG tests/test_scratch_arena.c:95: 
------ test_arena_offset_init
DEBUG tests/test_scratch_arena.c:96: 
------ test_arena_previous_init
DEBUG tests/test_scratch_arena.c:97: 
------ test_alloc_normal
DEBUG tests/test_scratch_arena.c:101: ----- RUNNING: ./test_lib/scratch_arena_tests
DEBUG tests/test_scratch_arena.c:90: 
------ test_create_arena
DEBUG tests/test_scratch_arena.c:91: 
------ test_alloc_overflow
ERROR: Arena overflow!
DEBUG tests/test_scratch_arena.c:92: 
------ test_alloc_zero_size
DEBUG tests/test_scratch_arena.c:93: 
------ test_alloc_exact_boundary
ERROR: Arena overflow!
DEBUG tests/test_scratch_arena.c:94: 
------ test_arena_size_init
DEBUG tests/test_scratch_arena.c:95: 
------ test_arena_offset_init
DEBUG tests/test_scratch_arena.c:96: 
------ test_arena_previous_init
DEBUG tests/test_scratch_arena.c:97: 
------ test_alloc_normal
DEBUG tests/test_scratch_arena.c:100: ----- RUNNING: ./test_lib/scratch_arena_tests
DEBUG tests/test_scratch_arena.c:89: 
------ test_create_arena
DEBUG tests/test_scratch_arena.c:90: 
------ test_alloc_overflow
ERROR: Arena overflow!
DEBUG tests/test_scratch_arena.c:91: 
------ test_alloc_zero_size
DEBUG tests/test_scratch_arena.c:92: 
------ test_alloc_exact_boundary
ERROR: Arena overflow!
DEBUG tests/test_scratch_arena.c:93: 
------ test_arena_size_init
DEBUG tests/test_scratch_arena.c:94: 
------ test_arena_offset_init
DEBUG tests/test_scratch_arena.c:95: 
------ test_arena_previous_init
DEBUG tests/test_scratch_arena.c:96: 
------ test_alloc_normal
DEBUG tests/test_scratch_arena.c:100: ----- RUNNING: ./test_lib/scratch_arena_tests
DEBUG tests/test_scratch_arena.c:89: 
------ test_create_arena
DEBUG tests/test_scratch_arena.c:90: 
------ test_alloc_overflow
ERROR: Arena overflow!
DEBUG tests/test_scratch_arena.c:91: 
------ test_alloc_zero_size
DEBUG tests/test_scratch_arena.c:92: 
------ test_alloc_exact_boundary
ERROR: Arena overflow!
DEBUG tests/test_scratch_arena.c:93: 
------ test_arena_size_init
DEBUG tests/test_scratch_arena.c:94: 
------ test_arena_offset_init
DEBUG tests/test_scratch_arena.c:95: 
------ test_arena_previous_init
DEBUG tests/test_scratch_arena.c:96: 
------ test_alloc_normal
DEBUG tests/test_scratch_arena.c:100: ----- RUNNING: ./test_lib/scratch_arena_tests
DEBUG tests/test_scratch_arena.c:89: 
------ test_create_arena
DEBUG tests/test_scratch_arena.c:90: 
------ test_alloc_overflow
ERROR: Arena overflow!
DEBUG tests/test_scratch_arena.c:91: 
------ test_alloc_zero_size
DEBUG tests/test_scratch_arena.c:92: 
------ test_alloc_exact_boundary
ERROR: Arena overflow!
DEBUG tests/test_scratch_arena.c:93: 
------ test_arena_size_init
DEBUG tests/test_scratch_arena.c:94: 
------ test_arena_offset_init
DEBUG tests/test_scratch_arena.c:95: 
------ test_arena_previous_init
DEBUG tests/test_scratch_arena.c:96: 
------ test_alloc_normal
DEBUG tests/test_scratch_arena.c:115: ----- RUNNING: ./test_lib/scratch_arena_tests
DEBUG tests/test_scratch_arena.c:103: 
------ test_push_pop
[ERROR] (tests/test_scratch_arena.c:95 errno: None) Expected: back to previous offset
DEBUG tests/test_scratch_arena.c:115: ----- RUNNING: ./test_lib/scratch_arena_tests
DEBUG tests/test_scratch_arena.c:103: 
------ test_create_arena
DEBUG tests/test_scratch_arena.c:104: 
------ test_alloc_overflow
ERROR: Arena overflow!
DEBUG tests/test_scratch_arena.c:105: 
------ test_alloc_zero_size
DEBUG tests/test_scratch_arena.c:106: 
------ test_alloc_exact_boundary
ERROR: Arena overflow!
DEBUG tests/test_scratch_arena.c:107: 
------ test_arena_size_init
DEBUG tests/test_scratch_arena.c:108: 
------ test_arena_offset_init
DEBUG tests/test_scratch_arena.c:109: 
------ test_arena_previous_init
DEBUG tests/test_scratch_arena.c:110: 
------ test_alloc_normal
DEBUG tests/test_scratch_arena.c:111: 
------ test_push_pop
[ERROR] (tests/test_scratch_arena.c:95 errno: None) Expected: back to previous offset
DEBUG tests/test_scratch_arena.c:115: ----- RUNNING: ./test_lib/scratch_arena_tests
DEBUG tests/test_scratch_arena.c:103: 
------ test_create_arena
DEBUG tests/test_scratch_arena.c:104: 
------ test_alloc_overflow
ERROR: Arena overflow!
DEBUG tests/test_scratch_arena.c:105: 
------ test_alloc_zero_size
DEBUG tests/test_scratch_arena.c:106: 
------ test_alloc_exact_boundary
ERROR: Arena overflow!
DEBUG tests/test_scratch_arena.c:107: 
------ test_arena_size_init
DEBUG tests/test_scratch_arena.c:108: 
------ test_arena_offset_init
DEBUG tests/test_scratch_arena.c:109: 
------ test_arena_previous_init
DEBUG tests/test_scratch_arena.c:110: 
------ test_alloc_normal
DEBUG tests/test_scratch_arena.c:111: 
------ test_push_pop
[ERROR] (tests/test_scratch_arena.c:95 errno: None) Expected: back to previous offset
DEBUG tests/test_scratch_arena.c:115: ----- RUNNING: ./test_lib/scratch_arena_tests
DEBUG tests/test_scratch_arena.c:103: 
------ test_create_arena
DEBUG tests/test_scratch_arena.c:104: 
------ test_alloc_overflow
ERROR: Arena overflow!
DEBUG tests/test_scratch_arena.c:105: 
------ test_alloc_zero_size
DEBUG tests/test_scratch_arena.c:106: 
------ test_alloc_exact_boundary
ERROR: Arena overflow!
DEBUG tests/test_scratch_arena.c:107: 
------ test_arena_size_init
DEBUG tests/test_scratch_arena.c:108: 
------ test_arena_offset_init
DEBUG tests/test_scratch_arena.c:109: 
------ test_arena_previous_init
DEBUG tests/test_scratch_arena.c:110: 
------ test_alloc_normal
DEBUG tests/test_scratch_arena.c:111: 
------ test_push_pop
[ERROR] (tests/test_scratch_arena.c:95 errno: None) Expected: back to previous offset
DEBUG tests/test_scratch_arena.c:115: ----- RUNNING: ./test_lib/scratch_arena_tests
DEBUG tests/test_scratch_arena.c:103: 
------ test_create_arena
DEBUG tests/test_scratch_arena.c:104: 
------ test_alloc_overflow
ERROR: Arena overflow!
DEBUG tests/test_scratch_arena.c:105: 
------ test_alloc_zero_size
DEBUG tests/test_scratch_arena.c:106: 
------ test_alloc_exact_boundary
ERROR: Arena overflow!
DEBUG tests/test_scratch_arena.c:107: 
------ test_arena_size_init
DEBUG tests/test_scratch_arena.c:108: 
------ test_arena_offset_init
DEBUG tests/test_scratch_arena.c:109: 
------ test_arena_previous_init
DEBUG tests/test_scratch_arena.c:110: 
------ test_alloc_normal
DEBUG tests/test_scratch_arena.c:111: 
------ test_push_pop
[ERROR] (tests/test_scratch_arena.c:95 errno: None) Expected: back to previous offset
DEBUG tests/test_scratch_arena.c:130: ----- RUNNING: ./test_lib/scratch_arena_tests
DEBUG tests/test_scratch_arena.c:117: 
------ test_create_arena
DEBUG tests/test_scratch_arena.c:118: 
------ test_alloc_overflow
ERROR: Arena overflow!
DEBUG tests/test_scratch_arena.c:119: 
------ test_alloc_zero_size
DEBUG tests/test_scratch_arena.c:120: 
------ test_alloc_exact_boundary
ERROR: Arena overflow!
DEBUG tests/test_scratch_arena.c:121: 
------ test_arena_size_init
DEBUG tests/test_scratch_arena.c:122: 
------ test_arena_offset_init
DEBUG tests/test_scratch_arena.c:123: 
------ test_arena_previous_init
DEBUG tests/test_scratch_arena.c:124: 
------ test_alloc_normal
DEBUG tests/test_scratch_arena.c:125: 
------ test_hundred_bytes_align
DEBUG tests/test_scratch_arena.c:126: 
------ test_push_pop
[ERROR] (tests/test_scratch_arena.c:95 errno: None) Expected: back to previous offset
DEBUG tests/test_scratch_arena.c:130: ----- RUNNING: ./test_lib/scratch_arena_tests
DEBUG tests/test_scratch_arena.c:117: 
------ test_create_arena
DEBUG tests/test_scratch_arena.c:118: 
------ test_alloc_overflow
ERROR: Arena overflow!
DEBUG tests/test_scratch_arena.c:119: 
------ test_alloc_zero_size
DEBUG tests/test_scratch_arena.c:120: 
------ test_alloc_exact_boundary
ERROR: Arena overflow!
DEBUG tests/test_scratch_arena.c:121: 
------ test_arena_size_init
DEBUG tests/test_scratch_arena.c:122: 
------ test_arena_offset_init
DEBUG tests/test_scratch_arena.c:123: 
------ test_arena_previous_init
DEBUG tests/test_scratch_arena.c:124: 
------ test_alloc_normal
DEBUG tests/test_scratch_arena.c:125: 
------ test_hundred_bytes_align
DEBUG tests/test_scratch_arena.c:126: 
------ test_push_pop
[ERROR] (tests/test_scratch_arena.c:95 errno: None) Expected: back to previous offset
DEBUG tests/test_scratch_arena.c:131: ----- RUNNING: ./test_lib/scratch_arena_tests
DEBUG tests/test_scratch_arena.c:118: 
------ test_create_arena
DEBUG tests/test_scratch_arena.c:119: 
------ test_alloc_overflow
ERROR: Arena overflow!
DEBUG tests/test_scratch_arena.c:120: 
------ test_alloc_zero_size
DEBUG tests/test_scratch_arena.c:121: 
------ test_alloc_exact_boundary
ERROR: Arena overflow!
DEBUG tests/test_scratch_arena.c:122: 
------ test_arena_size_init
DEBUG tests/test_scratch_arena.c:123: 
------ test_arena_offset_init
DEBUG tests/test_scratch_arena.c:124: 
------ test_arena_previous_init
DEBUG tests/test_scratch_arena.c:125: 
------ test_alloc_normal
DEBUG tests/test_scratch_arena.c:126: 
------ test_hundred_bytes_align
DEBUG tests/test_scratch_arena.c:127: 
------ test_push_pop
[ERROR] (tests/test_scratch_arena.c:93 errno: None) Expected previous to be 0 after push
DEBUG tests/test_scratch_arena.c:131: ----- RUNNING: ./test_lib/scratch_arena_tests
DEBUG tests/test_scratch_arena.c:118: 
------ test_create_arena
DEBUG tests/test_scratch_arena.c:119: 
------ test_alloc_overflow
ERROR: Arena overflow!
DEBUG tests/test_scratch_arena.c:120: 
------ test_alloc_zero_size
DEBUG tests/test_scratch_arena.c:121: 
------ test_alloc_exact_boundary
ERROR: Arena overflow!
DEBUG tests/test_scratch_arena.c:122: 
------ test_arena_size_init
DEBUG tests/test_scratch_arena.c:123: 
------ test_arena_offset_init
DEBUG tests/test_scratch_arena.c:124: 
------ test_arena_previous_init
DEBUG tests/test_scratch_arena.c:125: 
------ test_alloc_normal
DEBUG tests/test_scratch_arena.c:126: 
------ test_hundred_bytes_align
DEBUG tests/test_scratch_arena.c:127: 
------ test_push_pop
DEBUG tests/test_scratch_arena.c:131: ----- RUNNING: ./test_lib/scratch_arena_tests
DEBUG tests/test_scratch_arena.c:118: 
------ test_create_arena
DEBUG tests/test_scratch_arena.c:119: 
------ test_alloc_overflow
ERROR: Arena overflow!
DEBUG tests/test_scratch_arena.c:120: 
------ test_alloc_zero_size
DEBUG tests/test_scratch_arena.c:121: 
------ test_alloc_exact_boundary
ERROR: Arena overflow!
DEBUG tests/test_scratch_arena.c:122: 
------ test_arena_size_init
DEBUG tests/test_scratch_arena.c:123: 
------ test_arena_offset_init
DEBUG tests/test_scratch_arena.c:124: 
------ test_arena_previous_init
DEBUG tests/test_scratch_arena.c:125: 
------ test_alloc_normal
DEBUG tests/test_scratch_arena.c:126: 
------ test_hundred_bytes_align
DEBUG tests/test_scratch_arena.c:127: 
------ test_push_pop
DEBUG tests/test_scratch_arena.c:131: ----- RUNNING: ./test_lib/scratch_arena_tests
DEBUG tests/test_scratch_arena.c:118: 
------ test_create_arena
DEBUG tests/test_scratch_arena.c:119: 
------ test_alloc_overflow
ERROR: Arena overflow!
DEBUG tests/test_scratch_arena.c:120: 
------ test_alloc_zero_size
DEBUG tests/test_scratch_arena.c:121: 
------ test_alloc_exact_boundary
ERROR: Arena overflow!
DEBUG tests/test_scratch_arena.c:122: 
------ test_arena_size_init
DEBUG tests/test_scratch_arena.c:123: 
------ test_arena_offset_init
DEBUG tests/test_scratch_arena.c:124: 
------ test_arena_previous_init
DEBUG tests/test_scratch_arena.c:125: 
------ test_alloc_normal
DEBUG tests/test_scratch_arena.c:126: 
------ test_hundred_bytes_align
DEBUG tests/test_scratch_arena.c:127: 
------ test_push_pop
DEBUG tests/test_scratch_arena.c:131: ----- RUNNING: ./test_lib/scratch_arena_tests
DEBUG tests/test_scratch_arena.c:118: 
------ test_create_arena
DEBUG tests/test_scratch_arena.c:119: 
------ test_alloc_overflow
ERROR: Arena overflow!
DEBUG tests/test_scratch_arena.c:120: 
------ test_alloc_zero_size
DEBUG tests/test_scratch_arena.c:121: 
------ test_alloc_exact_boundary
ERROR: Arena overflow!
DEBUG tests/test_scratch_arena.c:122: 
------ test_arena_size_init
DEBUG tests/test_scratch_arena.c:123: 
------ test_arena_offset_init
DEBUG tests/test_scratch_arena.c:124: 
------ test_arena_previous_init
DEBUG tests/test_scratch_arena.c:125: 
------ test_alloc_normal
DEBUG tests/test_scratch_arena.c:126: 
------ test_hundred_bytes_align
DEBUG tests/test_scratch_arena.c:127: 
------ test_push_pop
DEBUG tests/test_scratch_arena.c:131: ----- RUNNING: ./test_lib/scratch_arena_tests
DEBUG tests/test_scratch_arena.c:118: 
------ test_create_arena
DEBUG tests/test_scratch_arena.c:119: 
------ test_alloc_overflow
ERROR: Arena overflow!
DEBUG tests/test_scratch_arena.c:120: 
------ test_alloc_zero_size
DEBUG tests/test_scratch_arena.c:121: 
------ test_alloc_exact_boundary
ERROR: Arena overflow!
DEBUG tests/test_scratch_arena.c:122: 
------ test_arena_size_init
DEBUG tests/test_scratch_arena.c:123: 
------ test_arena_offset_init
DEBUG tests/test_scratch_arena.c:124: 
------ test_arena_previous_init
DEBUG tests/test_scratch_arena.c:125: 
------ test_alloc_normal
DEBUG tests/test_scratch_arena.c:126: 
------ test_hundred_bytes_align
DEBUG tests/test_scratch_arena.c:127: 
------ test_push_pop
DEBUG tests/test_scratch_arena.c:131: ----- RUNNING: ./test_lib/scratch_arena_tests
DEBUG tests/test_scratch_arena.c:118: 
------ test_create_arena
DEBUG tests/test_scratch_arena.c:119: 
------ test_alloc_overflow
ERROR: Arena overflow!
DEBUG tests/test_scratch_arena.c:120: 
------ test_alloc_zero_size
DEBUG tests/test_scratch_arena.c:121: 
------ test_alloc_exact_boundary
ERROR: Arena overflow!
DEBUG tests/test_scratch_arena.c:122: 
------ test_arena_size_init
DEBUG tests/test_scratch_arena.c:123: 
------ test_arena_offset_init
DEBUG tests/test_scratch_arena.c:124: 
------ test_arena_previous_init
DEBUG tests/test_scratch_arena.c:125: 
------ test_alloc_normal
DEBUG tests/test_scratch_arena.c:126: 
------ test_hundred_bytes_align
DEBUG tests/test_scratch_arena.c:127: 
------ test_push_pop
DEBUG tests/test_scratch_arena.c:131: ----- RUNNING: ./test_lib/scratch_arena_tests
DEBUG tests/test_scratch_arena.c:118: 
------ test_create_arena
DEBUG tests/test_scratch_arena.c:119: 
------ test_alloc_overflow
ERROR: Arena overflow!
DEBUG tests/test_scratch_arena.c:120: 
------ test_alloc_zero_size
DEBUG tests/test_scratch_arena.c:121: 
------ test_alloc_exact_boundary
ERROR: Arena overflow!
DEBUG tests/test_scratch_arena.c:122: 
------ test_arena_size_init
DEBUG tests/test_scratch_arena.c:123: 
------ test_arena_offset_init
DEBUG tests/test_scratch_arena.c:124: 
------ test_arena_previous_init
DEBUG tests/test_scratch_arena.c:125: 
------ test_alloc_normal
DEBUG tests/test_scratch_arena.c:126: 
------ test_hundred_bytes_align
DEBUG tests/test_scratch_arena.c:127: 
------ test_push_pop
DEBUG tests/test_scratch_arena.c:131: ----- RUNNING: ./test_lib/scratch_arena_tests
DEBUG tests/test_scratch_arena.c:118: 
------ test_create_arena
DEBUG tests/test_scratch_arena.c:119: 
------ test_alloc_overflow
ERROR: Arena overflow!
DEBUG tests/test_scratch_arena.c:120: 
------ test_alloc_zero_size
DEBUG tests/test_scratch_arena.c:121: 
------ test_alloc_exact_boundary
ERROR: Arena overflow!
DEBUG tests/test_scratch_arena.c:122: 
------ test_arena_size_init
DEBUG tests/test_scratch_arena.c:123: 
------ test_arena_offset_init
DEBUG tests/test_scratch_arena.c:124: 
------ test_arena_previous_init
DEBUG tests/test_scratch_arena.c:125: 
------ test_alloc_normal
DEBUG tests/test_scratch_arena.c:126: 
------ test_hundred_bytes_align
DEBUG tests/test_scratch_arena.c:127: 
------ test_push_pop
DEBUG tests/test_scratch_arena.c:142: ----- RUNNING: ./test_lib/scratch_arena_tests
DEBUG tests/test_scratch_arena.c:128: 
------ test_create_arena
DEBUG tests/test_scratch_arena.c:129: 
------ test_alloc_overflow
ERROR: Arena overflow!
DEBUG tests/test_scratch_arena.c:130: 
------ test_alloc_zero_size
DEBUG tests/test_scratch_arena.c:131: 
------ test_alloc_exact_boundary
ERROR: Arena overflow!
DEBUG tests/test_scratch_arena.c:132: 
------ test_arena_size_init
DEBUG tests/test_scratch_arena.c:133: 
------ test_arena_offset_init
DEBUG tests/test_scratch_arena.c:134: 
------ test_arena_previous_init
DEBUG tests/test_scratch_arena.c:135: 
------ test_alloc_normal
DEBUG tests/test_scratch_arena.c:136: 
------ test_hundred_bytes_align
DEBUG tests/test_scratch_arena.c:137: 
------ test_push_pop
DEBUG tests/test_scratch_arena.c:138: 
------ test_double_destroy
DEBUG tests/test_scratch_arena.c:142: ----- RUNNING: ./test_lib/scratch_arena_tests
DEBUG tests/test_scratch_arena.c:128: 
------ test_create_arena
DEBUG tests/test_scratch_arena.c:129: 
------ test_alloc_overflow
ERROR: Arena overflow!
DEBUG tests/test_scratch_arena.c:130: 
------ test_alloc_zero_size
DEBUG tests/test_scratch_arena.c:131: 
------ test_alloc_exact_boundary
ERROR: Arena overflow!
DEBUG tests/test_scratch_arena.c:132: 
------ test_arena_size_init
DEBUG tests/test_scratch_arena.c:133: 
------ test_arena_offset_init
DEBUG tests/test_scratch_arena.c:134: 
------ test_arena_previous_init
DEBUG tests/test_scratch_arena.c:135: 
------ test_alloc_normal
DEBUG tests/test_scratch_arena.c:136: 
------ test_hundred_bytes_align
DEBUG tests/test_scratch_arena.c:137: 
------ test_push_pop
DEBUG tests/test_scratch_arena.c:138: 
------ test_double_destroy
DEBUG tests/test_scratch_arena.c:142: ----- RUNNING: ./test_lib/scratch_arena_tests
DEBUG tests/test_scratch_arena.c:128: 
------ test_create_arena
DEBUG tests/test_scratch_arena.c:129: 
------ test_alloc_overflow
ERROR: Arena overflow!
DEBUG tests/test_scratch_arena.c:130: 
------ test_alloc_zero_size
DEBUG tests/test_scratch_arena.c:131: 
------ test_alloc_exact_boundary
ERROR: Arena overflow!
DEBUG tests/test_scratch_arena.c:132: 
------ test_arena_size_init
DEBUG tests/test_scratch_arena.c:133: 
------ test_arena_offset_init
DEBUG tests/test_scratch_arena.c:134: 
------ test_arena_previous_init
DEBUG tests/test_scratch_arena.c:135: 
------ test_alloc_normal
DEBUG tests/test_scratch_arena.c:136: 
------ test_hundred_bytes_align
DEBUG tests/test_scratch_arena.c:137: 
------ test_push_pop
DEBUG tests/test_scratch_arena.c:138: 
------ test_double_destroy
DEBUG tests/test_scratch_arena.c:142: ----- RUNNING: ./test_lib/scratch_arena_tests
DEBUG tests/test_scratch_arena.c:128: 
------ test_create_arena
DEBUG tests/test_scratch_arena.c:129: 
------ test_alloc_overflow
ERROR: Arena overflow!
DEBUG tests/test_scratch_arena.c:130: 
------ test_alloc_zero_size
DEBUG tests/test_scratch_arena.c:131: 
------ test_alloc_exact_boundary
ERROR: Arena overflow!
DEBUG tests/test_scratch_arena.c:132: 
------ test_arena_size_init
DEBUG tests/test_scratch_arena.c:133: 
------ test_arena_offset_init
DEBUG tests/test_scratch_arena.c:134: 
------ test_arena_previous_init
DEBUG tests/test_scratch_arena.c:135: 
------ test_alloc_normal
DEBUG tests/test_scratch_arena.c:136: 
------ test_hundred_bytes_align
DEBUG tests/test_scratch_arena.c:137: 
------ test_push_pop
DEBUG tests/test_scratch_arena.c:138: 
------ test_double_destroy
DEBUG tests/test_scratch_arena.c:161: ----- RUNNING: ./test_lib/scratch_arena_tests
DEBUG tests/test_scratch_arena.c:146: 
------ test_create_arena
DEBUG tests/test_scratch_arena.c:147: 
------ test_alloc_overflow
ERROR: Arena overflow!
DEBUG tests/test_scratch_arena.c:148: 
------ test_alloc_zero_size
DEBUG tests/test_scratch_arena.c:149: 
------ test_alloc_exact_boundary
ERROR: Arena overflow!
DEBUG tests/test_scratch_arena.c:150: 
------ test_arena_size_init
DEBUG tests/test_scratch_arena.c:151: 
------ test_arena_offset_init
DEBUG tests/test_scratch_arena.c:152: 
------ test_arena_previous_init
DEBUG tests/test_scratch_arena.c:153: 
------ test_alloc_normal
DEBUG tests/test_scratch_arena.c:154: 
------ test_hundred_bytes_align
DEBUG tests/test_scratch_arena.c:155: 
------ test_push_pop
DEBUG tests/test_scratch_arena.c:156: 
------ test_double_destroy
DEBUG tests/test_scratch_arena.c:157: 
------ test_pop_before_push
[ERROR] (tests/test_scratch_arena.c:137 errno: None) Expect offset return to saved position after pop.

DEBUG tests/test_scratch_arena.c:161: ----- RUNNING: ./test_lib/scratch_arena_tests
DEBUG tests/test_scratch_arena.c:146: 
------ test_create_arena
DEBUG tests/test_scratch_arena.c:147: 
------ test_alloc_overflow
ERROR: Arena overflow!
DEBUG tests/test_scratch_arena.c:148: 
------ test_alloc_zero_size
DEBUG tests/test_scratch_arena.c:149: 
------ test_alloc_exact_boundary
ERROR: Arena overflow!
DEBUG tests/test_scratch_arena.c:150: 
------ test_arena_size_init
DEBUG tests/test_scratch_arena.c:151: 
------ test_arena_offset_init
DEBUG tests/test_scratch_arena.c:152: 
------ test_arena_previous_init
DEBUG tests/test_scratch_arena.c:153: 
------ test_alloc_normal
DEBUG tests/test_scratch_arena.c:154: 
------ test_hundred_bytes_align
DEBUG tests/test_scratch_arena.c:155: 
------ test_push_pop
DEBUG tests/test_scratch_arena.c:156: 
------ test_double_destroy
DEBUG tests/test_scratch_arena.c:157: 
------ test_pop_before_push
DEBUG tests/test_scratch_arena.c:162: ----- RUNNING: ./test_lib/scratch_arena_tests
DEBUG tests/test_scratch_arena.c:147: 
------ test_create_arena
DEBUG tests/test_scratch_arena.c:148: 
------ test_alloc_overflow
ERROR: Arena overflow!
DEBUG tests/test_scratch_arena.c:149: 
------ test_alloc_zero_size
DEBUG tests/test_scratch_arena.c:150: 
------ test_alloc_exact_boundary
ERROR: Arena overflow!
DEBUG tests/test_scratch_arena.c:151: 
------ test_arena_size_init
DEBUG tests/test_scratch_arena.c:152: 
------ test_arena_offset_init
DEBUG tests/test_scratch_arena.c:153: 
------ test_arena_previous_init
DEBUG tests/test_scratch_arena.c:154: 
------ test_alloc_normal
DEBUG tests/test_scratch_arena.c:155: 
------ test_hundred_bytes_align
DEBUG tests/test_scratch_arena.c:156: 
------ test_push_pop
DEBUG tests/test_scratch_arena.c:157: 
------ test_double_destroy
DEBUG tests/test_scratch_arena.c:158: 
------ test_pop_before_push
DEBUG tests/test_scratch_arena.c:162: ----- RUNNING: ./test_lib/scratch_arena_tests
DEBUG tests/test_scratch_arena.c:147: 
------ test_create_arena
DEBUG tests/test_scratch_arena.c:148: 
------ test_alloc_overflow
ERROR: Arena overflow!
DEBUG tests/test_scratch_arena.c:149: 
------ test_alloc_zero_size
DEBUG tests/test_scratch_arena.c:150: 
------ test_alloc_exact_boundary
ERROR: Arena overflow!
DEBUG tests/test_scratch_arena.c:151: 
------ test_arena_size_init
DEBUG tests/test_scratch_arena.c:152: 
------ test_arena_offset_init
DEBUG tests/test_scratch_arena.c:153: 
------ test_arena_previous_init
DEBUG tests/test_scratch_arena.c:154: 
------ test_alloc_normal
DEBUG tests/test_scratch_arena.c:155: 
------ test_hundred_bytes_align
DEBUG tests/test_scratch_arena.c:156: 
------ test_push_pop
DEBUG tests/test_scratch_arena.c:157: 
------ test_double_destroy
DEBUG tests/test_scratch_arena.c:158: 
------ test_pop_before_push
DEBUG tests/test_scratch_arena.c:162: ----- RUNNING: ./test_lib/scratch_arena_tests
DEBUG tests/test_scratch_arena.c:147: 
------ test_create_arena
DEBUG tests/test_scratch_arena.c:148: 
------ test_alloc_overflow
ERROR: Arena overflow!
DEBUG tests/test_scratch_arena.c:149: 
------ test_alloc_zero_size
DEBUG tests/test_scratch_arena.c:150: 
------ test_alloc_exact_boundary
ERROR: Arena overflow!
DEBUG tests/test_scratch_arena.c:151: 
------ test_arena_size_init
DEBUG tests/test_scratch_arena.c:152: 
------ test_arena_offset_init
DEBUG tests/test_scratch_arena.c:153: 
------ test_arena_previous_init
DEBUG tests/test_scratch_arena.c:154: 
------ test_alloc_normal
DEBUG tests/test_scratch_arena.c:155: 
------ test_hundred_bytes_align
DEBUG tests/test_scratch_arena.c:156: 
------ test_push_pop
DEBUG tests/test_scratch_arena.c:157: 
------ test_double_destroy
DEBUG tests/test_scratch_arena.c:158: 
------ test_pop_before_push
DEBUG tests/test_scratch_arena.c:162: ----- RUNNING: ./test_lib/scratch_arena_tests
DEBUG tests/test_scratch_arena.c:147: 
------ test_create_arena
DEBUG tests/test_scratch_arena.c:148: 
------ test_alloc_overflow
ERROR: Arena overflow!
DEBUG tests/test_scratch_arena.c:149: 
------ test_alloc_zero_size
DEBUG tests/test_scratch_arena.c:150: 
------ test_alloc_exact_boundary
ERROR: Arena overflow!
DEBUG tests/test_scratch_arena.c:151: 
------ test_arena_size_init
DEBUG tests/test_scratch_arena.c:152: 
------ test_arena_offset_init
DEBUG tests/test_scratch_arena.c:153: 
------ test_arena_previous_init
DEBUG tests/test_scratch_arena.c:154: 
------ test_alloc_normal
DEBUG tests/test_scratch_arena.c:155: 
------ test_hundred_bytes_align
DEBUG tests/test_scratch_arena.c:156: 
------ test_push_pop
DEBUG tests/test_scratch_arena.c:157: 
------ test_double_destroy
DEBUG tests/test_scratch_arena.c:158: 
------ test_pop_before_push
DEBUG tests/test_scratch_arena.c:176: ----- RUNNING: ./test_lib/scratch_arena_tests
DEBUG tests/test_scratch_arena.c:160: 
------ test_create_arena
DEBUG tests/test_scratch_arena.c:161: 
------ test_alloc_overflow
ERROR: Arena overflow!
DEBUG tests/test_scratch_arena.c:162: 
------ test_alloc_zero_size
DEBUG tests/test_scratch_arena.c:163: 
------ test_alloc_exact_boundary
ERROR: Arena overflow!
DEBUG tests/test_scratch_arena.c:164: 
------ test_arena_size_init
DEBUG tests/test_scratch_arena.c:165: 
------ test_arena_offset_init
DEBUG tests/test_scratch_arena.c:166: 
------ test_arena_previous_init
DEBUG tests/test_scratch_arena.c:167: 
------ test_alloc_normal
DEBUG tests/test_scratch_arena.c:168: 
------ test_hundred_bytes_align
DEBUG tests/test_scratch_arena.c:169: 
------ test_push_pop
DEBUG tests/test_scratch_arena.c:170: 
------ test_double_destroy
DEBUG tests/test_scratch_arena.c:171: 
------ test_pop_before_push
DEBUG tests/test_scratch_arena.c:172: 
------ test_zero_with_high_alignment
DEBUG tests/test_scratch_arena.c:176: ----- RUNNING: ./test_lib/scratch_arena_tests
DEBUG tests/test_scratch_arena.c:160: 
------ test_create_arena
DEBUG tests/test_scratch_arena.c:161: 
------ test_alloc_overflow
ERROR: Arena overflow!
DEBUG tests/test_scratch_arena.c:162: 
------ test_alloc_zero_size
DEBUG tests/test_scratch_arena.c:163: 
------ test_alloc_exact_boundary
ERROR: Arena overflow!
DEBUG tests/test_scratch_arena.c:164: 
------ test_arena_size_init
DEBUG tests/test_scratch_arena.c:165: 
------ test_arena_offset_init
DEBUG tests/test_scratch_arena.c:166: 
------ test_arena_previous_init
DEBUG tests/test_scratch_arena.c:167: 
------ test_alloc_normal
DEBUG tests/test_scratch_arena.c:168: 
------ test_hundred_bytes_align
DEBUG tests/test_scratch_arena.c:169: 
------ test_push_pop
DEBUG tests/test_scratch_arena.c:170: 
------ test_double_destroy
DEBUG tests/test_scratch_arena.c:171: 
------ test_pop_before_push
DEBUG tests/test_scratch_arena.c:172: 
------ test_zero_with_high_alignment
DEBUG tests/test_scratch_arena.c:176: ----- RUNNING: ./test_lib/scratch_arena_tests
DEBUG tests/test_scratch_arena.c:160: 
------ test_create_arena
DEBUG tests/test_scratch_arena.c:161: 
------ test_alloc_overflow
ERROR: Arena overflow!
DEBUG tests/test_scratch_arena.c:162: 
------ test_alloc_zero_size
DEBUG tests/test_scratch_arena.c:163: 
------ test_alloc_exact_boundary
ERROR: Arena overflow!
DEBUG tests/test_scratch_arena.c:164: 
------ test_arena_size_init
DEBUG tests/test_scratch_arena.c:165: 
------ test_arena_offset_init
DEBUG tests/test_scratch_arena.c:166: 
------ test_arena_previous_init
DEBUG tests/test_scratch_arena.c:167: 
------ test_alloc_normal
DEBUG tests/test_scratch_arena.c:168: 
------ test_hundred_bytes_align
DEBUG tests/test_scratch_arena.c:169: 
------ test_push_pop
DEBUG tests/test_scratch_arena.c:170: 
------ test_double_destroy
DEBUG tests/test_scratch_arena.c:171: 
------ test_pop_before_push
DEBUG tests/test_scratch_arena.c:172: 
------ test_zero_with_high_alignment
DEBUG tests/test_scratch_arena.c:176: ----- RUNNING: ./test_lib/scratch_arena_tests
DEBUG tests/test_scratch_arena.c:160: 
------ test_create_arena
DEBUG tests/test_scratch_arena.c:161: 
------ test_alloc_overflow
ERROR: Arena overflow!
DEBUG tests/test_scratch_arena.c:162: 
------ test_alloc_zero_size
DEBUG tests/test_scratch_arena.c:163: 
------ test_alloc_exact_boundary
ERROR: Arena overflow!
DEBUG tests/test_scratch_arena.c:164: 
------ test_arena_size_init
DEBUG tests/test_scratch_arena.c:165: 
------ test_arena_offset_init
DEBUG tests/test_scratch_arena.c:166: 
------ test_arena_previous_init
DEBUG tests/test_scratch_arena.c:167: 
------ test_alloc_normal
DEBUG tests/test_scratch_arena.c:168: 
------ test_hundred_bytes_align
DEBUG tests/test_scratch_arena.c:169: 
------ test_push_pop
DEBUG tests/test_scratch_arena.c:170: 
------ test_double_destroy
DEBUG tests/test_scratch_arena.c:171: 
------ test_pop_before_push
DEBUG tests/test_scratch_arena.c:172: 
------ test_zero_with_high_alignment
DEBUG tests/test_scratch_arena.c:176: ----- RUNNING: ./test_lib/scratch_arena_tests
DEBUG tests/test_scratch_arena.c:160: 
------ test_create_arena
DEBUG tests/test_scratch_arena.c:161: 
------ test_alloc_overflow
ERROR: Arena overflow!
DEBUG tests/test_scratch_arena.c:162: 
------ test_alloc_zero_size
DEBUG tests/test_scratch_arena.c:163: 
------ test_alloc_exact_boundary
ERROR: Arena overflow!
DEBUG tests/test_scratch_arena.c:164: 
------ test_arena_size_init
DEBUG tests/test_scratch_arena.c:165: 
------ test_arena_offset_init
DEBUG tests/test_scratch_arena.c:166: 
------ test_arena_previous_init
DEBUG tests/test_scratch_arena.c:167: 
------ test_alloc_normal
DEBUG tests/test_scratch_arena.c:168: 
------ test_hundred_bytes_align
DEBUG tests/test_scratch_arena.c:169: 
------ test_push_pop
DEBUG tests/test_scratch_arena.c:170: 
------ test_double_destroy
DEBUG tests/test_scratch_arena.c:171: 
------ test_pop_before_push
DEBUG tests/test_scratch_arena.c:172: 
------ test_zero_with_high_alignment
DEBUG tests/test_scratch_arena.c:176: ----- RUNNING: ./test_lib/scratch_arena_tests
DEBUG tests/test_scratch_arena.c:160: 
------ test_create_arena
DEBUG tests/test_scratch_arena.c:161: 
------ test_alloc_overflow
ERROR: Arena overflow!
DEBUG tests/test_scratch_arena.c:162: 
------ test_alloc_zero_size
DEBUG tests/test_scratch_arena.c:163: 
------ test_alloc_exact_boundary
ERROR: Arena overflow!
DEBUG tests/test_scratch_arena.c:164: 
------ test_arena_size_init
DEBUG tests/test_scratch_arena.c:165: 
------ test_arena_offset_init
DEBUG tests/test_scratch_arena.c:166: 
------ test_arena_previous_init
DEBUG tests/test_scratch_arena.c:167: 
------ test_alloc_normal
DEBUG tests/test_scratch_arena.c:168: 
------ test_hundred_bytes_align
DEBUG tests/test_scratch_arena.c:169: 
------ test_push_pop
DEBUG tests/test_scratch_arena.c:170: 
------ test_double_destroy
DEBUG tests/test_scratch_arena.c:171: 
------ test_pop_before_push
DEBUG tests/test_scratch_arena.c:172: 
------ test_zero_with_high_alignment
DEBUG tests/test_scratch_arena.c:189: ----- RUNNING: ./test_lib/scratch_arena_tests
DEBUG tests/test_scratch_arena.c:172: 
------ test_create_arena
DEBUG tests/test_scratch_arena.c:173: 
------ test_alloc_overflow
ERROR: Arena overflow!
DEBUG tests/test_scratch_arena.c:174: 
------ test_alloc_zero_size
DEBUG tests/test_scratch_arena.c:175: 
------ test_alloc_exact_boundary
ERROR: Arena overflow!
DEBUG tests/test_scratch_arena.c:176: 
------ test_arena_size_init
DEBUG tests/test_scratch_arena.c:177: 
------ test_arena_offset_init
DEBUG tests/test_scratch_arena.c:178: 
------ test_arena_previous_init
DEBUG tests/test_scratch_arena.c:179: 
------ test_alloc_normal
DEBUG tests/test_scratch_arena.c:180: 
------ test_hundred_bytes_align
DEBUG tests/test_scratch_arena.c:181: 
------ test_push_pop
DEBUG tests/test_scratch_arena.c:182: 
------ test_double_destroy
DEBUG tests/test_scratch_arena.c:183: 
------ test_pop_before_push
DEBUG tests/test_scratch_arena.c:184: 
------ test_zero_with_high_alignment
DEBUG tests/test_scratch_arena.c:185: 
------ test_overflow_huge_allocation
ERROR: allocation request beyond size of arena, return null
DEBUG tests/test_scratch_arena.c:189: ----- RUNNING: ./test_lib/scratch_arena_tests
DEBUG tests/test_scratch_arena.c:172: 
------ test_create_arena
DEBUG tests/test_scratch_arena.c:173: 
------ test_alloc_overflow
ERROR: Arena overflow!
DEBUG tests/test_scratch_arena.c:174: 
------ test_alloc_zero_size
DEBUG tests/test_scratch_arena.c:175: 
------ test_alloc_exact_boundary
ERROR: Arena overflow!
DEBUG tests/test_scratch_arena.c:176: 
------ test_arena_size_init
DEBUG tests/test_scratch_arena.c:177: 
------ test_arena_offset_init
DEBUG tests/test_scratch_arena.c:178: 
------ test_arena_previous_init
DEBUG tests/test_scratch_arena.c:179: 
------ test_alloc_normal
DEBUG tests/test_scratch_arena.c:180: 
------ test_hundred_bytes_align
DEBUG tests/test_scratch_arena.c:181: 
------ test_push_pop
DEBUG tests/test_scratch_arena.c:182: 
------ test_double_destroy
DEBUG tests/test_scratch_arena.c:183: 
------ test_pop_before_push
DEBUG tests/test_scratch_arena.c:184: 
------ test_zero_with_high_alignment
DEBUG tests/test_scratch_arena.c:185: 
------ test_overflow_huge_allocation
ERROR: allocation request beyond size of arena, return null
DEBUG tests/test_scratch_arena.c:201: ----- RUNNING: ./test_lib/scratch_arena_tests
DEBUG tests/test_scratch_arena.c:183: 
------ test_create_arena
DEBUG tests/test_scratch_arena.c:184: 
------ test_alloc_overflow
ERROR: Arena overflow!
DEBUG tests/test_scratch_arena.c:185: 
------ test_alloc_zero_size
DEBUG tests/test_scratch_arena.c:186: 
------ test_alloc_exact_boundary
ERROR: Arena overflow!
DEBUG tests/test_scratch_arena.c:187: 
------ test_arena_size_init
DEBUG tests/test_scratch_arena.c:188: 
------ test_arena_offset_init
DEBUG tests/test_scratch_arena.c:189: 
------ test_arena_previous_init
DEBUG tests/test_scratch_arena.c:190: 
------ test_alloc_normal
DEBUG tests/test_scratch_arena.c:191: 
------ test_hundred_bytes_align
DEBUG tests/test_scratch_arena.c:192: 
------ test_push_pop
DEBUG tests/test_scratch_arena.c:193: 
------ test_double_destroy
DEBUG tests/test_scratch_arena.c:194: 
------ test_pop_before_push
DEBUG tests/test_scratch_arena.c:195: 
------ test_zero_with_high_alignment
DEBUG tests/test_scratch_arena.c:196: 
------ test_overflow_huge_allocation
ERROR: allocation request beyond size of arena, return null
DEBUG tests/test_scratch_arena.c:197: 
------ test_odd_alignment
[ERROR] (tests/test_scratch_arena.c:176 errno: None) Expect null return on odd alignment request.

DEBUG tests/test_scratch_arena.c:201: ----- RUNNING: ./test_lib/scratch_arena_tests
DEBUG tests/test_scratch_arena.c:183: 
------ test_create_arena
DEBUG tests/test_scratch_arena.c:184: 
------ test_alloc_overflow
ERROR: allocation request beyond size of arena, return null
DEBUG tests/test_scratch_arena.c:185: 
------ test_alloc_zero_size
DEBUG tests/test_scratch_arena.c:186: 
------ test_alloc_exact_boundary
ERROR: allocation request beyond size of arena, return null
DEBUG tests/test_scratch_arena.c:187: 
------ test_arena_size_init
DEBUG tests/test_scratch_arena.c:188: 
------ test_arena_offset_init
DEBUG tests/test_scratch_arena.c:189: 
------ test_arena_previous_init
DEBUG tests/test_scratch_arena.c:190: 
------ test_alloc_normal
DEBUG tests/test_scratch_arena.c:191: 
------ test_hundred_bytes_align
DEBUG tests/test_scratch_arena.c:192: 
------ test_push_pop
DEBUG tests/test_scratch_arena.c:193: 
------ test_double_destroy
DEBUG tests/test_scratch_arena.c:194: 
------ test_pop_before_push
DEBUG tests/test_scratch_arena.c:195: 
------ test_zero_with_high_alignment
DEBUG tests/test_scratch_arena.c:196: 
------ test_overflow_huge_allocation
ERROR: allocation request beyond size of arena, return null
DEBUG tests/test_scratch_arena.c:197: 
------ test_odd_alignment
ERROR: Returning null due to unacceptable alignment request on allocation.
DEBUG tests/test_scratch_arena.c:201: ----- RUNNING: ./test_lib/scratch_arena_tests
DEBUG tests/test_scratch_arena.c:183: 
------ test_create_arena
DEBUG tests/test_scratch_arena.c:184: 
------ test_alloc_overflow
ERROR: allocation request beyond size of arena, return null
DEBUG tests/test_scratch_arena.c:185: 
------ test_alloc_zero_size
DEBUG tests/test_scratch_arena.c:186: 
------ test_alloc_exact_boundary
ERROR: allocation request beyond size of arena, return null
DEBUG tests/test_scratch_arena.c:187: 
------ test_arena_size_init
DEBUG tests/test_scratch_arena.c:188: 
------ test_arena_offset_init
DEBUG tests/test_scratch_arena.c:189: 
------ test_arena_previous_init
DEBUG tests/test_scratch_arena.c:190: 
------ test_alloc_normal
DEBUG tests/test_scratch_arena.c:191: 
------ test_hundred_bytes_align
DEBUG tests/test_scratch_arena.c:192: 
------ test_push_pop
DEBUG tests/test_scratch_arena.c:193: 
------ test_double_destroy
DEBUG tests/test_scratch_arena.c:194: 
------ test_pop_before_push
DEBUG tests/test_scratch_arena.c:195: 
------ test_zero_with_high_alignment
DEBUG tests/test_scratch_arena.c:196: 
------ test_overflow_huge_allocation
ERROR: allocation request beyond size of arena, return null
DEBUG tests/test_scratch_arena.c:197: 
------ test_odd_alignment
ERROR: Returning null due to unacceptable alignment request on allocation.
DEBUG tests/test_scratch_arena.c:201: ----- RUNNING: ./test_lib/scratch_arena_tests
DEBUG tests/test_scratch_arena.c:183: 
------ test_create_arena
DEBUG tests/test_scratch_arena.c:184: 
------ test_alloc_overflow
ERROR: allocation request beyond size of arena, return null
DEBUG tests/test_scratch_arena.c:185: 
------ test_alloc_zero_size
DEBUG tests/test_scratch_arena.c:186: 
------ test_alloc_exact_boundary
ERROR: allocation request beyond size of arena, return null
DEBUG tests/test_scratch_arena.c:187: 
------ test_arena_size_init
DEBUG tests/test_scratch_arena.c:188: 
------ test_arena_offset_init
DEBUG tests/test_scratch_arena.c:189: 
------ test_arena_previous_init
DEBUG tests/test_scratch_arena.c:190: 
------ test_alloc_normal
DEBUG tests/test_scratch_arena.c:191: 
------ test_hundred_bytes_align
DEBUG tests/test_scratch_arena.c:192: 
------ test_push_pop
DEBUG tests/test_scratch_arena.c:193: 
------ test_double_destroy
DEBUG tests/test_scratch_arena.c:194: 
------ test_pop_before_push
DEBUG tests/test_scratch_arena.c:195: 
------ test_zero_with_high_alignment
DEBUG tests/test_scratch_arena.c:196: 
------ test_overflow_huge_allocation
ERROR: allocation request beyond size of arena, return null
DEBUG tests/test_scratch_arena.c:197: 
------ test_odd_alignment
ERROR: Returning null due to unacceptable alignment request on allocation.
DEBUG tests/test_scratch_arena.c:220: ----- RUNNING: ./test_lib/scratch_arena_tests
DEBUG tests/test_scratch_arena.c:201: 
------ test_create_arena
DEBUG tests/test_scratch_arena.c:202: 
------ test_alloc_overflow
ERROR: allocation request beyond size of arena, return null
DEBUG tests/test_scratch_arena.c:203: 
------ test_alloc_zero_size
DEBUG tests/test_scratch_arena.c:204: 
------ test_alloc_exact_boundary
ERROR: allocation request beyond size of arena, return null
DEBUG tests/test_scratch_arena.c:205: 
------ test_arena_size_init
DEBUG tests/test_scratch_arena.c:206: 
------ test_arena_offset_init
DEBUG tests/test_scratch_arena.c:207: 
------ test_arena_previous_init
DEBUG tests/test_scratch_arena.c:208: 
------ test_alloc_normal
DEBUG tests/test_scratch_arena.c:209: 
------ test_hundred_bytes_align
DEBUG tests/test_scratch_arena.c:210: 
------ test_push_pop
DEBUG tests/test_scratch_arena.c:211: 
------ test_double_destroy
DEBUG tests/test_scratch_arena.c:212: 
------ test_pop_before_push
DEBUG tests/test_scratch_arena.c:213: 
------ test_zero_with_high_alignment
DEBUG tests/test_scratch_arena.c:214: 
------ test_overflow_huge_allocation
ERROR: allocation request beyond size of arena, return null
DEBUG tests/test_scratch_arena.c:215: 
------ test_odd_alignment
ERROR: Returning null due to unacceptable alignment request on allocation.
DEBUG tests/test_scratch_arena.c:216: 
------ test_one_align
DEBUG tests/test_scratch_arena.c:220: ----- RUNNING: ./test_lib/scratch_arena_tests
DEBUG tests/test_scratch_arena.c:201: 
------ test_create_arena
DEBUG tests/test_scratch_arena.c:202: 
------ test_alloc_overflow
ERROR: allocation request beyond size of arena, return null
DEBUG tests/test_scratch_arena.c:203: 
------ test_alloc_zero_size
DEBUG tests/test_scratch_arena.c:204: 
------ test_alloc_exact_boundary
ERROR: allocation request beyond size of arena, return null
DEBUG tests/test_scratch_arena.c:205: 
------ test_arena_size_init
DEBUG tests/test_scratch_arena.c:206: 
------ test_arena_offset_init
DEBUG tests/test_scratch_arena.c:207: 
------ test_arena_previous_init
DEBUG tests/test_scratch_arena.c:208: 
------ test_alloc_normal
DEBUG tests/test_scratch_arena.c:209: 
------ test_hundred_bytes_align
DEBUG tests/test_scratch_arena.c:210: 
------ test_push_pop
DEBUG tests/test_scratch_arena.c:211: 
------ test_double_destroy
DEBUG tests/test_scratch_arena.c:212: 
------ test_pop_before_push
DEBUG tests/test_scratch_arena.c:213: 
------ test_zero_with_high_alignment
DEBUG tests/test_scratch_arena.c:214: 
------ test_overflow_huge_allocation
ERROR: allocation request beyond size of arena, return null
DEBUG tests/test_scratch_arena.c:215: 
------ test_odd_alignment
ERROR: Returning null due to unacceptable alignment request on allocation.
DEBUG tests/test_scratch_arena.c:216: 
------ test_one_align
DEBUG tests/test_scratch_arena.c:220: ----- RUNNING: ./test_lib/scratch_arena_tests
DEBUG tests/test_scratch_arena.c:201: 
------ test_create_arena
DEBUG tests/test_scratch_arena.c:202: 
------ test_alloc_overflow
ERROR: allocation request beyond size of arena, return null
DEBUG tests/test_scratch_arena.c:203: 
------ test_alloc_zero_size
DEBUG tests/test_scratch_arena.c:204: 
------ test_alloc_exact_boundary
ERROR: allocation request beyond size of arena, return null
DEBUG tests/test_scratch_arena.c:205: 
------ test_arena_size_init
DEBUG tests/test_scratch_arena.c:206: 
------ test_arena_offset_init
DEBUG tests/test_scratch_arena.c:207: 
------ test_arena_previous_init
DEBUG tests/test_scratch_arena.c:208: 
------ test_alloc_normal
DEBUG tests/test_scratch_arena.c:209: 
------ test_hundred_bytes_align
DEBUG tests/test_scratch_arena.c:210: 
------ test_push_pop
DEBUG tests/test_scratch_arena.c:211: 
------ test_double_destroy
DEBUG tests/test_scratch_arena.c:212: 
------ test_pop_before_push
DEBUG tests/test_scratch_arena.c:213: 
------ test_zero_with_high_alignment
DEBUG tests/test_scratch_arena.c:214: 
------ test_overflow_huge_allocation
ERROR: allocation request beyond size of arena, return null
DEBUG tests/test_scratch_arena.c:215: 
------ test_odd_alignment
ERROR: Returning null due to unacceptable alignment request on allocation.
DEBUG tests/test_scratch_arena.c:216: 
------ test_one_align
DEBUG tests/test_scratch_arena.c:220: ----- RUNNING: ./test_lib/scratch_arena_tests
DEBUG tests/test_scratch_arena.c:201: 
------ test_create_arena
DEBUG tests/test_scratch_arena.c:202: 
------ test_alloc_overflow
ERROR: allocation request beyond size of arena, return null
DEBUG tests/test_scratch_arena.c:203: 
------ test_alloc_zero_size
DEBUG tests/test_scratch_arena.c:204: 
------ test_alloc_exact_boundary
ERROR: allocation request beyond size of arena, return null
DEBUG tests/test_scratch_arena.c:205: 
------ test_arena_size_init
DEBUG tests/test_scratch_arena.c:206: 
------ test_arena_offset_init
DEBUG tests/test_scratch_arena.c:207: 
------ test_arena_previous_init
DEBUG tests/test_scratch_arena.c:208: 
------ test_alloc_normal
DEBUG tests/test_scratch_arena.c:209: 
------ test_hundred_bytes_align
DEBUG tests/test_scratch_arena.c:210: 
------ test_push_pop
DEBUG tests/test_scratch_arena.c:211: 
------ test_double_destroy
DEBUG tests/test_scratch_arena.c:212: 
------ test_pop_before_push
DEBUG tests/test_scratch_arena.c:213: 
------ test_zero_with_high_alignment
DEBUG tests/test_scratch_arena.c:214: 
------ test_overflow_huge_allocation
ERROR: allocation request beyond size of arena, return null
DEBUG tests/test_scratch_arena.c:215: 
------ test_odd_alignment
ERROR: Returning null due to unacceptable alignment request on allocation.
DEBUG tests/test_scratch_arena.c:216: 
------ test_one_align
DEBUG tests/test_scratch_arena.c:247: ----- RUNNING: ./test_lib/scratch_arena_tests
DEBUG tests/test_scratch_arena.c:227: 
------ test_create_arena
DEBUG tests/test_scratch_arena.c:228: 
------ test_alloc_overflow
ERROR: allocation request beyond size of arena, return null
DEBUG tests/test_scratch_arena.c:229: 
------ test_alloc_zero_size
DEBUG tests/test_scratch_arena.c:230: 
------ test_alloc_exact_boundary
ERROR: allocation request beyond size of arena, return null
DEBUG tests/test_scratch_arena.c:231: 
------ test_arena_size_init
DEBUG tests/test_scratch_arena.c:232: 
------ test_arena_offset_init
DEBUG tests/test_scratch_arena.c:233: 
------ test_arena_previous_init
DEBUG tests/test_scratch_arena.c:234: 
------ test_alloc_normal
DEBUG tests/test_scratch_arena.c:235: 
------ test_hundred_bytes_align
DEBUG tests/test_scratch_arena.c:236: 
------ test_push_pop
DEBUG tests/test_scratch_arena.c:237: 
------ test_double_destroy
DEBUG tests/test_scratch_arena.c:238: 
------ test_pop_before_push
DEBUG tests/test_scratch_arena.c:239: 
------ test_zero_with_high_alignment
DEBUG tests/test_scratch_arena.c:240: 
------ test_overflow_huge_allocation
ERROR: allocation request beyond size of arena, return null
DEBUG tests/test_scratch_arena.c:241: 
------ test_odd_alignment
ERROR: Returning null due to unacceptable alignment request on allocation.
DEBUG tests/test_scratch_arena.c:242: 
------ test_one_align
DEBUG tests/test_scratch_arena.c:243: 
------ test_alignment_is_aligned
[ERROR] (tests/test_scratch_arena.c:207 errno: None) Expect allocation aligns on ALIGN_8.

DEBUG tests/test_scratch_arena.c:248: ----- RUNNING: ./test_lib/scratch_arena_tests
DEBUG tests/test_scratch_arena.c:228: 
------ test_create_arena
DEBUG tests/test_scratch_arena.c:229: 
------ test_alloc_overflow
ERROR: allocation request beyond size of arena, return null
DEBUG tests/test_scratch_arena.c:230: 
------ test_alloc_zero_size
DEBUG tests/test_scratch_arena.c:231: 
------ test_alloc_exact_boundary
ERROR: allocation request beyond size of arena, return null
DEBUG tests/test_scratch_arena.c:232: 
------ test_arena_size_init
DEBUG tests/test_scratch_arena.c:233: 
------ test_arena_offset_init
DEBUG tests/test_scratch_arena.c:234: 
------ test_arena_previous_init
DEBUG tests/test_scratch_arena.c:235: 
------ test_alloc_normal
DEBUG tests/test_scratch_arena.c:236: 
------ test_hundred_bytes_align
DEBUG tests/test_scratch_arena.c:237: 
------ test_push_pop
DEBUG tests/test_scratch_arena.c:238: 
------ test_double_destroy
DEBUG tests/test_scratch_arena.c:239: 
------ test_pop_before_push
DEBUG tests/test_scratch_arena.c:240: 
------ test_zero_with_high_alignment
DEBUG tests/test_scratch_arena.c:241: 
------ test_overflow_huge_allocation
ERROR: allocation request beyond size of arena, return null
DEBUG tests/test_scratch_arena.c:242: 
------ test_odd_alignment
ERROR: Returning null due to unacceptable alignment request on allocation.
DEBUG tests/test_scratch_arena.c:243: 
------ test_one_align
DEBUG tests/test_scratch_arena.c:244: 
------ test_alignment_is_aligned
[ERROR] (tests/test_scratch_arena.c:207 errno: None) Expect allocation aligns on ALIGN_8.

DEBUG tests/test_scratch_arena.c:249: ----- RUNNING: ./test_lib/scratch_arena_tests
DEBUG tests/test_scratch_arena.c:229: 
------ test_create_arena
DEBUG tests/test_scratch_arena.c:230: 
------ test_alloc_overflow
ERROR: allocation request beyond size of arena, return null
DEBUG tests/test_scratch_arena.c:231: 
------ test_alloc_zero_size
DEBUG tests/test_scratch_arena.c:232: 
------ test_alloc_exact_boundary
ERROR: allocation request beyond size of arena, return null
DEBUG tests/test_scratch_arena.c:233: 
------ test_arena_size_init
DEBUG tests/test_scratch_arena.c:234: 
------ test_arena_offset_init
DEBUG tests/test_scratch_arena.c:235: 
------ test_arena_previous_init
DEBUG tests/test_scratch_arena.c:236: 
------ test_alloc_normal
DEBUG tests/test_scratch_arena.c:237: 
------ test_hundred_bytes_align
DEBUG tests/test_scratch_arena.c:238: 
------ test_push_pop
DEBUG tests/test_scratch_arena.c:239: 
------ test_double_destroy
DEBUG tests/test_scratch_arena.c:240: 
------ test_pop_before_push
DEBUG tests/test_scratch_arena.c:241: 
------ test_zero_with_high_alignment
DEBUG tests/test_scratch_arena.c:242: 
------ test_overflow_huge_allocation
ERROR: allocation request beyond size of arena, return null
DEBUG tests/test_scratch_arena.c:243: 
------ test_odd_alignment
ERROR: Returning null due to unacceptable alignment request on allocation.
DEBUG tests/test_scratch_arena.c:244: 
------ test_one_align
DEBUG tests/test_scratch_arena.c:245: 
------ test_alignment_is_aligned
[ERROR] (tests/test_scratch_arena.c:207 errno: None) Expect allocation aligns on ALIGN_8.

DEBUG tests/test_scratch_arena.c:249: ----- RUNNING: ./test_lib/scratch_arena_tests
DEBUG tests/test_scratch_arena.c:229: 
------ test_create_arena
DEBUG tests/test_scratch_arena.c:230: 
------ test_alloc_overflow
ERROR: allocation request beyond size of arena, return null
DEBUG tests/test_scratch_arena.c:231: 
------ test_alloc_zero_size
DEBUG tests/test_scratch_arena.c:232: 
------ test_alloc_exact_boundary
ERROR: allocation request beyond size of arena, return null
DEBUG tests/test_scratch_arena.c:233: 
------ test_arena_size_init
DEBUG tests/test_scratch_arena.c:234: 
------ test_arena_offset_init
DEBUG tests/test_scratch_arena.c:235: 
------ test_arena_previous_init
DEBUG tests/test_scratch_arena.c:236: 
------ test_alloc_normal
DEBUG tests/test_scratch_arena.c:237: 
------ test_hundred_bytes_align
DEBUG tests/test_scratch_arena.c:238: 
------ test_push_pop
DEBUG tests/test_scratch_arena.c:239: 
------ test_double_destroy
DEBUG tests/test_scratch_arena.c:240: 
------ test_pop_before_push
DEBUG tests/test_scratch_arena.c:241: 
------ test_zero_with_high_alignment
DEBUG tests/test_scratch_arena.c:242: 
------ test_overflow_huge_allocation
ERROR: allocation request beyond size of arena, return null
DEBUG tests/test_scratch_arena.c:243: 
------ test_odd_alignment
ERROR: Returning null due to unacceptable alignment request on allocation.
DEBUG tests/test_scratch_arena.c:244: 
------ test_one_align
DEBUG tests/test_scratch_arena.c:245: 
------ test_alignment_is_aligned
[ERROR] (tests/test_scratch_arena.c:208 errno: None) Expect allocation aligns on ALIGN_8.

DEBUG tests/test_scratch_arena.c:249: ----- RUNNING: ./test_lib/scratch_arena_tests
DEBUG tests/test_scratch_arena.c:229: 
------ test_create_arena
DEBUG tests/test_scratch_arena.c:230: 
------ test_alloc_overflow
ERROR: allocation request beyond size of arena, return null
DEBUG tests/test_scratch_arena.c:231: 
------ test_alloc_zero_size
DEBUG tests/test_scratch_arena.c:232: 
------ test_alloc_exact_boundary
ERROR: allocation request beyond size of arena, return null
DEBUG tests/test_scratch_arena.c:233: 
------ test_arena_size_init
DEBUG tests/test_scratch_arena.c:234: 
------ test_arena_offset_init
DEBUG tests/test_scratch_arena.c:235: 
------ test_arena_previous_init
DEBUG tests/test_scratch_arena.c:236: 
------ test_alloc_normal
DEBUG tests/test_scratch_arena.c:237: 
------ test_hundred_bytes_align
DEBUG tests/test_scratch_arena.c:238: 
------ test_push_pop
DEBUG tests/test_scratch_arena.c:239: 
------ test_double_destroy
DEBUG tests/test_scratch_arena.c:240: 
------ test_pop_before_push
DEBUG tests/test_scratch_arena.c:241: 
------ test_zero_with_high_alignment
DEBUG tests/test_scratch_arena.c:242: 
------ test_overflow_huge_allocation
ERROR: allocation request beyond size of arena, return null
DEBUG tests/test_scratch_arena.c:243: 
------ test_odd_alignment
ERROR: Returning null due to unacceptable alignment request on allocation.
DEBUG tests/test_scratch_arena.c:244: 
------ test_one_align
DEBUG tests/test_scratch_arena.c:245: 
------ test_alignment_is_aligned
[ERROR] (tests/test_scratch_arena.c:208 errno: None) Expect allocation aligns on ALIGN_8.

DEBUG tests/test_scratch_arena.c:249: ----- RUNNING: ./test_lib/scratch_arena_tests
DEBUG tests/test_scratch_arena.c:229: 
------ test_create_arena
DEBUG tests/test_scratch_arena.c:230: 
------ test_alloc_overflow
ERROR: allocation request beyond size of arena, return null
DEBUG tests/test_scratch_arena.c:231: 
------ test_alloc_zero_size
DEBUG tests/test_scratch_arena.c:232: 
------ test_alloc_exact_boundary
ERROR: allocation request beyond size of arena, return null
DEBUG tests/test_scratch_arena.c:233: 
------ test_arena_size_init
DEBUG tests/test_scratch_arena.c:234: 
------ test_arena_offset_init
DEBUG tests/test_scratch_arena.c:235: 
------ test_arena_previous_init
DEBUG tests/test_scratch_arena.c:236: 
------ test_alloc_normal
DEBUG tests/test_scratch_arena.c:237: 
------ test_hundred_bytes_align
DEBUG tests/test_scratch_arena.c:238: 
------ test_push_pop
DEBUG tests/test_scratch_arena.c:239: 
------ test_double_destroy
DEBUG tests/test_scratch_arena.c:240: 
------ test_pop_before_push
DEBUG tests/test_scratch_arena.c:241: 
------ test_zero_with_high_alignment
DEBUG tests/test_scratch_arena.c:242: 
------ test_overflow_huge_allocation
ERROR: allocation request beyond size of arena, return null
DEBUG tests/test_scratch_arena.c:243: 
------ test_odd_alignment
ERROR: Returning null due to unacceptable alignment request on allocation.
DEBUG tests/test_scratch_arena.c:244: 
------ test_one_align
DEBUG tests/test_scratch_arena.c:245: 
------ test_alignment_is_aligned
[ERROR] (tests/test_scratch_arena.c:208 errno: None) Expect allocation aligns on ALIGN_8.

DEBUG tests/test_scratch_arena.c:249: ----- RUNNING: ./test_lib/scratch_arena_tests
DEBUG tests/test_scratch_arena.c:229: 
------ test_create_arena
DEBUG tests/test_scratch_arena.c:230: 
------ test_alloc_overflow
ERROR: allocation request beyond size of arena, return null
DEBUG tests/test_scratch_arena.c:231: 
------ test_alloc_zero_size
DEBUG tests/test_scratch_arena.c:232: 
------ test_alloc_exact_boundary
ERROR: allocation request beyond size of arena, return null
DEBUG tests/test_scratch_arena.c:233: 
------ test_arena_size_init
DEBUG tests/test_scratch_arena.c:234: 
------ test_arena_offset_init
DEBUG tests/test_scratch_arena.c:235: 
------ test_arena_previous_init
DEBUG tests/test_scratch_arena.c:236: 
------ test_alloc_normal
DEBUG tests/test_scratch_arena.c:237: 
------ test_hundred_bytes_align
DEBUG tests/test_scratch_arena.c:238: 
------ test_push_pop
DEBUG tests/test_scratch_arena.c:239: 
------ test_double_destroy
DEBUG tests/test_scratch_arena.c:240: 
------ test_pop_before_push
DEBUG tests/test_scratch_arena.c:241: 
------ test_zero_with_high_alignment
DEBUG tests/test_scratch_arena.c:242: 
------ test_overflow_huge_allocation
ERROR: allocation request beyond size of arena, return null
DEBUG tests/test_scratch_arena.c:243: 
------ test_odd_alignment
ERROR: Returning null due to unacceptable alignment request on allocation.
DEBUG tests/test_scratch_arena.c:244: 
------ test_one_align
DEBUG tests/test_scratch_arena.c:245: 
------ test_alignment_is_aligned
[ERROR] (tests/test_scratch_arena.c:208 errno: None) Expect allocation aligns on ALIGN_8.

DEBUG tests/test_scratch_arena.c:249: ----- RUNNING: ./test_lib/scratch_arena_tests
DEBUG tests/test_scratch_arena.c:229: 
------ test_create_arena
DEBUG tests/test_scratch_arena.c:230: 
------ test_alloc_overflow
ERROR: allocation request beyond size of arena, return null
DEBUG tests/test_scratch_arena.c:231: 
------ test_alloc_zero_size
DEBUG tests/test_scratch_arena.c:232: 
------ test_alloc_exact_boundary
ERROR: allocation request beyond size of arena, return null
DEBUG tests/test_scratch_arena.c:233: 
------ test_arena_size_init
DEBUG tests/test_scratch_arena.c:234: 
------ test_arena_offset_init
DEBUG tests/test_scratch_arena.c:235: 
------ test_arena_previous_init
DEBUG tests/test_scratch_arena.c:236: 
------ test_alloc_normal
DEBUG tests/test_scratch_arena.c:237: 
------ test_hundred_bytes_align
DEBUG tests/test_scratch_arena.c:238: 
------ test_push_pop
DEBUG tests/test_scratch_arena.c:239: 
------ test_double_destroy
DEBUG tests/test_scratch_arena.c:240: 
------ test_pop_before_push
DEBUG tests/test_scratch_arena.c:241: 
------ test_zero_with_high_alignment
DEBUG tests/test_scratch_arena.c:242: 
------ test_overflow_huge_allocation
ERROR: allocation request beyond size of arena, return null
DEBUG tests/test_scratch_arena.c:243: 
------ test_odd_alignment
ERROR: Returning null due to unacceptable alignment request on allocation.
DEBUG tests/test_scratch_arena.c:244: 
------ test_one_align
DEBUG tests/test_scratch_arena.c:245: 
------ test_alignment_is_aligned
[ERROR] (tests/test_scratch_arena.c:208 errno: None) Expect allocation aligns on ALIGN_8.

DEBUG tests/test_scratch_arena.c:249: ----- RUNNING: ./test_lib/scratch_arena_tests
DEBUG tests/test_scratch_arena.c:229: 
------ test_create_arena
DEBUG tests/test_scratch_arena.c:230: 
------ test_alloc_overflow
ERROR: allocation request beyond size of arena, return null
DEBUG tests/test_scratch_arena.c:231: 
------ test_alloc_zero_size
DEBUG tests/test_scratch_arena.c:232: 
------ test_alloc_exact_boundary
ERROR: allocation request beyond size of arena, return null
DEBUG tests/test_scratch_arena.c:233: 
------ test_arena_size_init
DEBUG tests/test_scratch_arena.c:234: 
------ test_arena_offset_init
DEBUG tests/test_scratch_arena.c:235: 
------ test_arena_previous_init
DEBUG tests/test_scratch_arena.c:236: 
------ test_alloc_normal
DEBUG tests/test_scratch_arena.c:237: 
------ test_hundred_bytes_align
DEBUG tests/test_scratch_arena.c:238: 
------ test_push_pop
DEBUG tests/test_scratch_arena.c:239: 
------ test_double_destroy
DEBUG tests/test_scratch_arena.c:240: 
------ test_pop_before_push
DEBUG tests/test_scratch_arena.c:241: 
------ test_zero_with_high_alignment
DEBUG tests/test_scratch_arena.c:242: 
------ test_overflow_huge_allocation
ERROR: allocation request beyond size of arena, return null
DEBUG tests/test_scratch_arena.c:243: 
------ test_odd_alignment
ERROR: Returning null due to unacceptable alignment request on allocation.
DEBUG tests/test_scratch_arena.c:244: 
------ test_one_align
DEBUG tests/test_scratch_arena.c:245: 
------ test_alignment_is_aligned
[ERROR] (tests/test_scratch_arena.c:208 errno: None) Expect allocation aligns on ALIGN_8.

DEBUG tests/test_scratch_arena.c:249: ----- RUNNING: ./test_lib/scratch_arena_tests
DEBUG tests/test_scratch_arena.c:229: 
------ test_create_arena
DEBUG tests/test_scratch_arena.c:230: 
------ test_alloc_overflow
ERROR: allocation request beyond size of arena, return null
DEBUG tests/test_scratch_arena.c:231: 
------ test_alloc_zero_size
DEBUG tests/test_scratch_arena.c:232: 
------ test_alloc_exact_boundary
ERROR: allocation request beyond size of arena, return null
DEBUG tests/test_scratch_arena.c:233: 
------ test_arena_size_init
DEBUG tests/test_scratch_arena.c:234: 
------ test_arena_offset_init
DEBUG tests/test_scratch_arena.c:235: 
------ test_arena_previous_init
DEBUG tests/test_scratch_arena.c:236: 
------ test_alloc_normal
DEBUG tests/test_scratch_arena.c:237: 
------ test_hundred_bytes_align
DEBUG tests/test_scratch_arena.c:238: 
------ test_push_pop
DEBUG tests/test_scratch_arena.c:239: 
------ test_double_destroy
DEBUG tests/test_scratch_arena.c:240: 
------ test_pop_before_push
DEBUG tests/test_scratch_arena.c:241: 
------ test_zero_with_high_alignment
DEBUG tests/test_scratch_arena.c:242: 
------ test_overflow_huge_allocation
ERROR: allocation request beyond size of arena, return null
DEBUG tests/test_scratch_arena.c:243: 
------ test_odd_alignment
ERROR: Returning null due to unacceptable alignment request on allocation.
DEBUG tests/test_scratch_arena.c:244: 
------ test_one_align
DEBUG tests/test_scratch_arena.c:245: 
------ test_alignment_is_aligned
[ERROR] (tests/test_scratch_arena.c:208 errno: None) Expect allocation aligns on ALIGN_8.

DEBUG tests/test_scratch_arena.c:249: ----- RUNNING: ./test_lib/scratch_arena_tests
DEBUG tests/test_scratch_arena.c:229: 
------ test_create_arena
DEBUG tests/test_scratch_arena.c:230: 
------ test_alloc_overflow
ERROR: allocation request beyond size of arena, return null
DEBUG tests/test_scratch_arena.c:231: 
------ test_alloc_zero_size
ERROR: Arena overflow!
[ERROR] (tests/test_scratch_arena.c:71 errno: None) Expected non-null pointer for zero-sized allocation.
DEBUG tests/test_scratch_arena.c:249: ----- RUNNING: ./test_lib/scratch_arena_tests
DEBUG tests/test_scratch_arena.c:229: 
------ test_create_arena
DEBUG tests/test_scratch_arena.c:230: 
------ test_alloc_overflow
ERROR: allocation request beyond size of arena, return null
DEBUG tests/test_scratch_arena.c:231: 
------ test_alloc_zero_size
[ERROR] (tests/test_scratch_arena.c:71 errno: None) Expected non-null pointer for zero-sized allocation.
DEBUG tests/test_scratch_arena.c:249: ----- RUNNING: ./test_lib/scratch_arena_tests
DEBUG tests/test_scratch_arena.c:229: 
------ test_create_arena
DEBUG tests/test_scratch_arena.c:230: 
------ test_alloc_overflow
ERROR: allocation request beyond size of arena, return null
DEBUG tests/test_scratch_arena.c:231: 
------ test_alloc_zero_size
[ERROR] (tests/test_scratch_arena.c:71 errno: None) Expected non-null pointer for zero-sized allocation.
DEBUG tests/test_scratch_arena.c:249: ----- RUNNING: ./test_lib/scratch_arena_tests
DEBUG tests/test_scratch_arena.c:229: 
------ test_create_arena
DEBUG tests/test_scratch_arena.c:230: 
------ test_alloc_overflow
ERROR: allocation request beyond size of arena, return null
DEBUG tests/test_scratch_arena.c:231: 
------ test_alloc_zero_size
[ERROR] (tests/test_scratch_arena.c:71 errno: None) Expected non-null pointer for zero-sized allocation.
DEBUG tests/test_scratch_arena.c:249: ----- RUNNING: ./test_lib/scratch_arena_tests
DEBUG tests/test_scratch_arena.c:229: 
------ test_create_arena
DEBUG tests/test_scratch_arena.c:230: 
------ test_alloc_overflow
ERROR: allocation request beyond size of arena, return null
DEBUG tests/test_scratch_arena.c:231: 
------ test_alloc_zero_size
[ERROR] (tests/test_scratch_arena.c:71 errno: None) Expected non-null pointer for zero-sized allocation.
DEBUG tests/test_scratch_arena.c:249: ----- RUNNING: ./test_lib/scratch_arena_tests
DEBUG tests/test_scratch_arena.c:229: 
------ test_create_arena
DEBUG tests/test_scratch_arena.c:230: 
------ test_alloc_overflow
ERROR: allocation request beyond size of arena, return null
DEBUG tests/test_scratch_arena.c:231: 
------ test_alloc_zero_size
[ERROR] (tests/test_scratch_arena.c:71 errno: None) Expected non-null pointer for zero-sized allocation.
DEBUG tests/test_scratch_arena.c:249: ----- RUNNING: ./test_lib/scratch_arena_tests
DEBUG tests/test_scratch_arena.c:229: 
------ test_create_arena
DEBUG tests/test_scratch_arena.c:230: 
------ test_alloc_overflow
ERROR: allocation request beyond size of arena, return null
DEBUG tests/test_scratch_arena.c:231: 
------ test_alloc_zero_size
[ERROR] (tests/test_scratch_arena.c:71 errno: None) Expected non-null pointer for zero-sized allocation.
DEBUG tests/test_scratch_arena.c:249: ----- RUNNING: ./test_lib/scratch_arena_tests
DEBUG tests/test_scratch_arena.c:229: 
------ test_create_arena
DEBUG tests/test_scratch_arena.c:230: 
------ test_alloc_overflow
ERROR: allocation request beyond size of arena, return null
DEBUG tests/test_scratch_arena.c:231: 
------ test_alloc_zero_size
[ERROR] (tests/test_scratch_arena.c:71 errno: None) Expected non-null pointer for zero-sized allocation.
DEBUG tests/test_scratch_arena.c:249: ----- RUNNING: ./test_lib/scratch_arena_tests
DEBUG tests/test_scratch_arena.c:229: 
------ test_create_arena
DEBUG tests/test_scratch_arena.c:230: 
------ test_alloc_overflow
ERROR: allocation request beyond size of arena, return null
DEBUG tests/test_scratch_arena.c:231: 
------ test_alloc_zero_size
DEBUG tests/test_scratch_arena.c:232: 
------ test_alloc_exact_boundary
ERROR: allocation request beyond size of arena, return null
DEBUG tests/test_scratch_arena.c:233: 
------ test_arena_size_init
DEBUG tests/test_scratch_arena.c:234: 
------ test_arena_offset_init
DEBUG tests/test_scratch_arena.c:235: 
------ test_arena_previous_init
DEBUG tests/test_scratch_arena.c:236: 
------ test_alloc_normal
ERROR: Arena overflow!
[ERROR] (tests/test_scratch_arena.c:50 errno: None) Expected non-null allocation.
DEBUG tests/test_scratch_arena.c:249: ----- RUNNING: ./test_lib/scratch_arena_tests
DEBUG tests/test_scratch_arena.c:229: 
------ test_create_arena
DEBUG tests/test_scratch_arena.c:230: 
------ test_alloc_overflow
ERROR: allocation request beyond size of arena, return null
DEBUG tests/test_scratch_arena.c:231: 
------ test_alloc_zero_size
DEBUG tests/test_scratch_arena.c:232: 
------ test_alloc_exact_boundary
ERROR: allocation request beyond size of arena, return null
DEBUG tests/test_scratch_arena.c:233: 
------ test_arena_size_init
DEBUG tests/test_scratch_arena.c:234: 
------ test_arena_offset_init
DEBUG tests/test_scratch_arena.c:235: 
------ test_arena_previous_init
DEBUG tests/test_scratch_arena.c:236: 
------ test_alloc_normal
ERROR: Arena overflow!
[ERROR] (tests/test_scratch_arena.c:50 errno: None) Expected non-null allocation.
DEBUG tests/test_scratch_arena.c:249: ----- RUNNING: ./test_lib/scratch_arena_tests
DEBUG tests/test_scratch_arena.c:229: 
------ test_create_arena
DEBUG tests/test_scratch_arena.c:230: 
------ test_alloc_overflow
ERROR: allocation request beyond size of arena, return null
DEBUG tests/test_scratch_arena.c:231: 
------ test_alloc_zero_size
DEBUG tests/test_scratch_arena.c:232: 
------ test_alloc_exact_boundary
ERROR: allocation request beyond size of arena, return null
DEBUG tests/test_scratch_arena.c:233: 
------ test_arena_size_init
DEBUG tests/test_scratch_arena.c:234: 
------ test_arena_offset_init
DEBUG tests/test_scratch_arena.c:235: 
------ test_arena_previous_init
DEBUG tests/test_scratch_arena.c:236: 
------ test_alloc_normal
ERROR: Arena overflow!
[ERROR] (tests/test_scratch_arena.c:50 errno: None) Expected non-null allocation.
DEBUG tests/test_scratch_arena.c:249: ----- RUNNING: ./test_lib/scratch_arena_tests
DEBUG tests/test_scratch_arena.c:229: 
------ test_create_arena
DEBUG tests/test_scratch_arena.c:230: 
------ test_alloc_overflow
ERROR: allocation request beyond size of arena, return null
DEBUG tests/test_scratch_arena.c:231: 
------ test_alloc_zero_size
DEBUG tests/test_scratch_arena.c:232: 
------ test_alloc_exact_boundary
ERROR: allocation request beyond size of arena, return null
DEBUG tests/test_scratch_arena.c:233: 
------ test_arena_size_init
DEBUG tests/test_scratch_arena.c:234: 
------ test_arena_offset_init
DEBUG tests/test_scratch_arena.c:235: 
------ test_arena_previous_init
DEBUG tests/test_scratch_arena.c:236: 
------ test_alloc_normal
ERROR: Arena overflow!
[ERROR] (tests/test_scratch_arena.c:50 errno: None) Expected non-null allocation.
DEBUG tests/test_scratch_arena.c:249: ----- RUNNING: ./test_lib/scratch_arena_tests
DEBUG tests/test_scratch_arena.c:229: 
------ test_create_arena
DEBUG tests/test_scratch_arena.c:230: 
------ test_alloc_overflow
ERROR: allocation request beyond size of arena, return null
DEBUG tests/test_scratch_arena.c:231: 
------ test_alloc_zero_size
DEBUG tests/test_scratch_arena.c:232: 
------ test_alloc_exact_boundary
ERROR: allocation request beyond size of arena, return null
DEBUG tests/test_scratch_arena.c:233: 
------ test_arena_size_init
DEBUG tests/test_scratch_arena.c:234: 
------ test_arena_offset_init
DEBUG tests/test_scratch_arena.c:235: 
------ test_arena_previous_init
DEBUG tests/test_scratch_arena.c:236: 
------ test_alloc_normal
ERROR: Returning null due to unacceptable alignment request on allocation.
[ERROR] (tests/test_scratch_arena.c:50 errno: None) Expected non-null allocation.
DEBUG tests/test_scratch_arena.c:249: ----- RUNNING: ./test_lib/scratch_arena_tests
DEBUG tests/test_scratch_arena.c:229: 
------ test_create_arena
DEBUG tests/test_scratch_arena.c:230: 
------ test_alloc_overflow
ERROR: allocation request beyond size of arena, return null
DEBUG tests/test_scratch_arena.c:231: 
------ test_alloc_zero_size
DEBUG tests/test_scratch_arena.c:232: 
------ test_alloc_exact_boundary
ERROR: allocation request beyond size of arena, return null
DEBUG tests/test_scratch_arena.c:233: 
------ test_arena_size_init
DEBUG tests/test_scratch_arena.c:234: 
------ test_arena_offset_init
DEBUG tests/test_scratch_arena.c:235: 
------ test_arena_previous_init
DEBUG tests/test_scratch_arena.c:236: 
------ test_alloc_normal
ERROR: Returning null due to unacceptable alignment request on allocation.
[ERROR] (tests/test_scratch_arena.c:50 errno: None) Expected non-null allocation.
DEBUG tests/test_scratch_arena.c:249: ----- RUNNING: ./test_lib/scratch_arena_tests
DEBUG tests/test_scratch_arena.c:229: 
------ test_create_arena
DEBUG tests/test_scratch_arena.c:230: 
------ test_alloc_overflow
ERROR: allocation request beyond size of arena, return null
DEBUG tests/test_scratch_arena.c:231: 
------ test_alloc_zero_size
DEBUG tests/test_scratch_arena.c:232: 
------ test_alloc_exact_boundary
ERROR: allocation request beyond size of arena, return null
DEBUG tests/test_scratch_arena.c:233: 
------ test_arena_size_init
DEBUG tests/test_scratch_arena.c:234: 
------ test_arena_offset_init
DEBUG tests/test_scratch_arena.c:235: 
------ test_arena_previous_init
DEBUG tests/test_scratch_arena.c:236: 
------ test_alloc_normal
DEBUG tests/test_scratch_arena.c:237: 
------ test_hundred_bytes_align
DEBUG tests/test_scratch_arena.c:238: 
------ test_push_pop
DEBUG tests/test_scratch_arena.c:239: 
------ test_double_destroy
DEBUG tests/test_scratch_arena.c:240: 
------ test_pop_before_push
DEBUG tests/test_scratch_arena.c:241: 
------ test_zero_with_high_alignment
DEBUG tests/test_scratch_arena.c:242: 
------ test_overflow_huge_allocation
ERROR: allocation request beyond size of arena, return null
DEBUG tests/test_scratch_arena.c:243: 
------ test_odd_alignment
ERROR: Returning null due to unacceptable alignment request on allocation.
DEBUG tests/test_scratch_arena.c:244: 
------ test_one_align
[ERROR] (tests/test_scratch_arena.c:190 errno: None) Expect no pagging

DEBUG tests/test_scratch_arena.c:249: ----- RUNNING: ./test_lib/scratch_arena_tests
DEBUG tests/test_scratch_arena.c:229: 
------ test_create_arena
DEBUG tests/test_scratch_arena.c:230: 
------ test_alloc_overflow
ERROR: allocation request beyond size of arena, return null
DEBUG tests/test_scratch_arena.c:231: 
------ test_alloc_zero_size
DEBUG tests/test_scratch_arena.c:232: 
------ test_alloc_exact_boundary
ERROR: allocation request beyond size of arena, return null
DEBUG tests/test_scratch_arena.c:233: 
------ test_arena_size_init
DEBUG tests/test_scratch_arena.c:234: 
------ test_arena_offset_init
DEBUG tests/test_scratch_arena.c:235: 
------ test_arena_previous_init
DEBUG tests/test_scratch_arena.c:236: 
------ test_alloc_normal
DEBUG tests/test_scratch_arena.c:237: 
------ test_hundred_bytes_align
DEBUG tests/test_scratch_arena.c:238: 
------ test_push_pop
DEBUG tests/test_scratch_arena.c:239: 
------ test_double_destroy
DEBUG tests/test_scratch_arena.c:240: 
------ test_pop_before_push
DEBUG tests/test_scratch_arena.c:241: 
------ test_zero_with_high_alignment
DEBUG tests/test_scratch_arena.c:242: 
------ test_overflow_huge_allocation
ERROR: allocation request beyond size of arena, return null
DEBUG tests/test_scratch_arena.c:243: 
------ test_odd_alignment
ERROR: Returning null due to unacceptable alignment request on allocation.
DEBUG tests/test_scratch_arena.c:244: 
------ test_one_align
[ERROR] (tests/test_scratch_arena.c:190 errno: None) Expect no pagging

DEBUG tests/test_scratch_arena.c:249: ----- RUNNING: ./test_lib/scratch_arena_tests
DEBUG tests/test_scratch_arena.c:229: 
------ test_create_arena
DEBUG tests/test_scratch_arena.c:230: 
------ test_alloc_overflow
ERROR: allocation request beyond size of arena, return null
DEBUG tests/test_scratch_arena.c:231: 
------ test_alloc_zero_size
DEBUG tests/test_scratch_arena.c:232: 
------ test_alloc_exact_boundary
ERROR: allocation request beyond size of arena, return null
DEBUG tests/test_scratch_arena.c:233: 
------ test_arena_size_init
DEBUG tests/test_scratch_arena.c:234: 
------ test_arena_offset_init
DEBUG tests/test_scratch_arena.c:235: 
------ test_arena_previous_init
DEBUG tests/test_scratch_arena.c:236: 
------ test_alloc_normal
DEBUG tests/test_scratch_arena.c:237: 
------ test_hundred_bytes_align
DEBUG tests/test_scratch_arena.c:238: 
------ test_push_pop
DEBUG tests/test_scratch_arena.c:239: 
------ test_double_destroy
DEBUG tests/test_scratch_arena.c:240: 
------ test_pop_before_push
DEBUG tests/test_scratch_arena.c:241: 
------ test_zero_with_high_alignment
DEBUG tests/test_scratch_arena.c:242: 
------ test_overflow_huge_allocation
ERROR: allocation request beyond size of arena, return null
DEBUG tests/test_scratch_arena.c:243: 
------ test_odd_alignment
ERROR: Returning null due to unacceptable alignment request on allocation.
DEBUG tests/test_scratch_arena.c:244: 
------ test_one_align
DEBUG tests/test_scratch_arena.c:245: 
------ test_alignment_is_aligned
[ERROR] (tests/test_scratch_arena.c:208 errno: None) Expect allocation aligns on ALIGN_8.

DEBUG tests/test_scratch_arena.c:249: ----- RUNNING: ./test_lib/scratch_arena_tests
DEBUG tests/test_scratch_arena.c:229: 
------ test_create_arena
DEBUG tests/test_scratch_arena.c:230: 
------ test_alloc_overflow
ERROR: allocation request beyond size of arena, return null
DEBUG tests/test_scratch_arena.c:231: 
------ test_alloc_zero_size
DEBUG tests/test_scratch_arena.c:232: 
------ test_alloc_exact_boundary
ERROR: allocation request beyond size of arena, return null
DEBUG tests/test_scratch_arena.c:233: 
------ test_arena_size_init
DEBUG tests/test_scratch_arena.c:234: 
------ test_arena_offset_init
DEBUG tests/test_scratch_arena.c:235: 
------ test_arena_previous_init
DEBUG tests/test_scratch_arena.c:236: 
------ test_alloc_normal
DEBUG tests/test_scratch_arena.c:237: 
------ test_hundred_bytes_align
DEBUG tests/test_scratch_arena.c:238: 
------ test_push_pop
DEBUG tests/test_scratch_arena.c:239: 
------ test_double_destroy
DEBUG tests/test_scratch_arena.c:240: 
------ test_pop_before_push
DEBUG tests/test_scratch_arena.c:241: 
------ test_zero_with_high_alignment
DEBUG tests/test_scratch_arena.c:242: 
------ test_overflow_huge_allocation
ERROR: allocation request beyond size of arena, return null
DEBUG tests/test_scratch_arena.c:243: 
------ test_odd_alignment
ERROR: Returning null due to unacceptable alignment request on allocation.
DEBUG tests/test_scratch_arena.c:244: 
------ test_one_align
DEBUG tests/test_scratch_arena.c:245: 
------ test_alignment_is_aligned
[ERROR] (tests/test_scratch_arena.c:208 errno: None) Expect allocation aligns on ALIGN_8.

DEBUG tests/test_scratch_arena.c:249: ----- RUNNING: ./test_lib/scratch_arena_tests
DEBUG tests/test_scratch_arena.c:229: 
------ test_create_arena
DEBUG tests/test_scratch_arena.c:230: 
------ test_alloc_overflow
ERROR: allocation request beyond size of arena, return null
DEBUG tests/test_scratch_arena.c:231: 
------ test_alloc_zero_size
DEBUG tests/test_scratch_arena.c:232: 
------ test_alloc_exact_boundary
ERROR: allocation request beyond size of arena, return null
DEBUG tests/test_scratch_arena.c:233: 
------ test_arena_size_init
DEBUG tests/test_scratch_arena.c:234: 
------ test_arena_offset_init
DEBUG tests/test_scratch_arena.c:235: 
------ test_arena_previous_init
DEBUG tests/test_scratch_arena.c:236: 
------ test_alloc_normal
DEBUG tests/test_scratch_arena.c:237: 
------ test_hundred_bytes_align
DEBUG tests/test_scratch_arena.c:238: 
------ test_push_pop
DEBUG tests/test_scratch_arena.c:239: 
------ test_double_destroy
DEBUG tests/test_scratch_arena.c:240: 
------ test_pop_before_push
DEBUG tests/test_scratch_arena.c:241: 
------ test_zero_with_high_alignment
DEBUG tests/test_scratch_arena.c:242: 
------ test_overflow_huge_allocation
ERROR: allocation request beyond size of arena, return null
DEBUG tests/test_scratch_arena.c:243: 
------ test_odd_alignment
ERROR: Returning null due to unacceptable alignment request on allocation.
DEBUG tests/test_scratch_arena.c:244: 
------ test_one_align
DEBUG tests/test_scratch_arena.c:245: 
------ test_alignment_is_aligned
[ERROR] (tests/test_scratch_arena.c:208 errno: None) Expect allocation aligns on ALIGN_8.

DEBUG tests/test_scratch_arena.c:249: ----- RUNNING: ./test_lib/scratch_arena_tests
DEBUG tests/test_scratch_arena.c:229: 
------ test_create_arena
DEBUG tests/test_scratch_arena.c:230: 
------ test_alloc_overflow
ERROR: allocation request beyond size of arena, return null
DEBUG tests/test_scratch_arena.c:231: 
------ test_alloc_zero_size
DEBUG tests/test_scratch_arena.c:232: 
------ test_alloc_exact_boundary
ERROR: allocation request beyond size of arena, return null
DEBUG tests/test_scratch_arena.c:233: 
------ test_arena_size_init
DEBUG tests/test_scratch_arena.c:234: 
------ test_arena_offset_init
DEBUG tests/test_scratch_arena.c:235: 
------ test_arena_previous_init
DEBUG tests/test_scratch_arena.c:236: 
------ test_alloc_normal
DEBUG tests/test_scratch_arena.c:237: 
------ test_hundred_bytes_align
DEBUG tests/test_scratch_arena.c:238: 
------ test_push_pop
DEBUG tests/test_scratch_arena.c:239: 
------ test_double_destroy
DEBUG tests/test_scratch_arena.c:240: 
------ test_pop_before_push
DEBUG tests/test_scratch_arena.c:241: 
------ test_zero_with_high_alignment
DEBUG tests/test_scratch_arena.c:242: 
------ test_overflow_huge_allocation
ERROR: allocation request beyond size of arena, return null
DEBUG tests/test_scratch_arena.c:243: 
------ test_odd_alignment
ERROR: Returning null due to unacceptable alignment request on allocation.
DEBUG tests/test_scratch_arena.c:244: 
------ test_one_align
DEBUG tests/test_scratch_arena.c:245: 
------ test_alignment_is_aligned
[ERROR] (tests/test_scratch_arena.c:208 errno: None) Expect allocation aligns on ALIGN_8.

DEBUG tests/test_scratch_arena.c:249: ----- RUNNING: ./test_lib/scratch_arena_tests
DEBUG tests/test_scratch_arena.c:229: 
------ test_create_arena
DEBUG tests/test_scratch_arena.c:230: 
------ test_alloc_overflow
ERROR: allocation request beyond size of arena, return null
DEBUG tests/test_scratch_arena.c:231: 
------ test_alloc_zero_size
DEBUG tests/test_scratch_arena.c:232: 
------ test_alloc_exact_boundary
ERROR: allocation request beyond size of arena, return null
DEBUG tests/test_scratch_arena.c:233: 
------ test_arena_size_init
DEBUG tests/test_scratch_arena.c:234: 
------ test_arena_offset_init
DEBUG tests/test_scratch_arena.c:235: 
------ test_arena_previous_init
DEBUG tests/test_scratch_arena.c:236: 
------ test_alloc_normal
DEBUG tests/test_scratch_arena.c:237: 
------ test_hundred_bytes_align
DEBUG tests/test_scratch_arena.c:238: 
------ test_push_pop
DEBUG tests/test_scratch_arena.c:239: 
------ test_double_destroy
DEBUG tests/test_scratch_arena.c:240: 
------ test_pop_before_push
DEBUG tests/test_scratch_arena.c:241: 
------ test_zero_with_high_alignment
DEBUG tests/test_scratch_arena.c:242: 
------ test_overflow_huge_allocation
ERROR: allocation request beyond size of arena, return null
DEBUG tests/test_scratch_arena.c:243: 
------ test_odd_alignment
ERROR: Returning null due to unacceptable alignment request on allocation.
DEBUG tests/test_scratch_arena.c:244: 
------ test_one_align
DEBUG tests/test_scratch_arena.c:245: 
------ test_alignment_is_aligned
[ERROR] (tests/test_scratch_arena.c:208 errno: None) Expect allocation aligns on ALIGN_8.

DEBUG tests/test_scratch_arena.c:249: ----- RUNNING: ./test_lib/scratch_arena_tests
DEBUG tests/test_scratch_arena.c:229: 
------ test_create_arena
DEBUG tests/test_scratch_arena.c:230: 
------ test_alloc_overflow
ERROR: allocation request beyond size of arena, return null
DEBUG tests/test_scratch_arena.c:231: 
------ test_alloc_zero_size
DEBUG tests/test_scratch_arena.c:232: 
------ test_alloc_exact_boundary
ERROR: allocation request beyond size of arena, return null
DEBUG tests/test_scratch_arena.c:233: 
------ test_arena_size_init
DEBUG tests/test_scratch_arena.c:234: 
------ test_arena_offset_init
DEBUG tests/test_scratch_arena.c:235: 
------ test_arena_previous_init
DEBUG tests/test_scratch_arena.c:236: 
------ test_alloc_normal
DEBUG tests/test_scratch_arena.c:237: 
------ test_hundred_bytes_align
DEBUG tests/test_scratch_arena.c:238: 
------ test_push_pop
DEBUG tests/test_scratch_arena.c:239: 
------ test_double_destroy
DEBUG tests/test_scratch_arena.c:240: 
------ test_pop_before_push
DEBUG tests/test_scratch_arena.c:241: 
------ test_zero_with_high_alignment
DEBUG tests/test_scratch_arena.c:242: 
------ test_overflow_huge_allocation
ERROR: allocation request beyond size of arena, return null
DEBUG tests/test_scratch_arena.c:243: 
------ test_odd_alignment
ERROR: Returning null due to unacceptable alignment request on allocation.
DEBUG tests/test_scratch_arena.c:244: 
------ test_one_align
DEBUG tests/test_scratch_arena.c:245: 
------ test_alignment_is_aligned
DEBUG tests/test_scratch_arena.c:249: ----- RUNNING: ./test_lib/scratch_arena_tests
DEBUG tests/test_scratch_arena.c:229: 
------ test_create_arena
DEBUG tests/test_scratch_arena.c:230: 
------ test_alloc_overflow
ERROR: allocation request beyond size of arena, return null
DEBUG tests/test_scratch_arena.c:231: 
------ test_alloc_zero_size
DEBUG tests/test_scratch_arena.c:232: 
------ test_alloc_exact_boundary
ERROR: allocation request beyond size of arena, return null
DEBUG tests/test_scratch_arena.c:233: 
------ test_arena_size_init
DEBUG tests/test_scratch_arena.c:234: 
------ test_arena_offset_init
DEBUG tests/test_scratch_arena.c:235: 
------ test_arena_previous_init
DEBUG tests/test_scratch_arena.c:236: 
------ test_alloc_normal
DEBUG tests/test_scratch_arena.c:237: 
------ test_hundred_bytes_align
DEBUG tests/test_scratch_arena.c:238: 
------ test_push_pop
DEBUG tests/test_scratch_arena.c:239: 
------ test_double_destroy
DEBUG tests/test_scratch_arena.c:240: 
------ test_pop_before_push
DEBUG tests/test_scratch_arena.c:241: 
------ test_zero_with_high_alignment
DEBUG tests/test_scratch_arena.c:242: 
------ test_overflow_huge_allocation
ERROR: allocation request beyond size of arena, return null
DEBUG tests/test_scratch_arena.c:243: 
------ test_odd_alignment
ERROR: Returning null due to unacceptable alignment request on allocation.
DEBUG tests/test_scratch_arena.c:244: 
------ test_one_align
DEBUG tests/test_scratch_arena.c:245: 
------ test_alignment_is_aligned
DEBUG tests/test_scratch_arena.c:249: ----- RUNNING: ./test_lib/scratch_arena_tests
DEBUG tests/test_scratch_arena.c:229: 
------ test_create_arena
DEBUG tests/test_scratch_arena.c:230: 
------ test_alloc_overflow
ERROR: allocation request beyond size of arena, return null
DEBUG tests/test_scratch_arena.c:231: 
------ test_alloc_zero_size
DEBUG tests/test_scratch_arena.c:232: 
------ test_alloc_exact_boundary
ERROR: allocation request beyond size of arena, return null
DEBUG tests/test_scratch_arena.c:233: 
------ test_arena_size_init
DEBUG tests/test_scratch_arena.c:234: 
------ test_arena_offset_init
DEBUG tests/test_scratch_arena.c:235: 
------ test_arena_previous_init
DEBUG tests/test_scratch_arena.c:236: 
------ test_alloc_normal
DEBUG tests/test_scratch_arena.c:237: 
------ test_hundred_bytes_align
DEBUG tests/test_scratch_arena.c:238: 
------ test_push_pop
DEBUG tests/test_scratch_arena.c:239: 
------ test_double_destroy
DEBUG tests/test_scratch_arena.c:240: 
------ test_pop_before_push
DEBUG tests/test_scratch_arena.c:241: 
------ test_zero_with_high_alignment
DEBUG tests/test_scratch_arena.c:242: 
------ test_overflow_huge_allocation
ERROR: allocation request beyond size of arena, return null
DEBUG tests/test_scratch_arena.c:243: 
------ test_odd_alignment
ERROR: Returning null due to unacceptable alignment request on allocation.
DEBUG tests/test_scratch_arena.c:244: 
------ test_one_align
DEBUG tests/test_scratch_arena.c:245: 
------ test_alignment_is_aligned
DEBUG tests/test_scratch_arena.c:249: ----- RUNNING: ./test_lib/scratch_arena_tests
DEBUG tests/test_scratch_arena.c:229: 
------ test_create_arena
DEBUG tests/test_scratch_arena.c:230: 
------ test_alloc_overflow
ERROR: allocation request beyond size of arena, return null
DEBUG tests/test_scratch_arena.c:231: 
------ test_alloc_zero_size
DEBUG tests/test_scratch_arena.c:232: 
------ test_alloc_exact_boundary
ERROR: allocation request beyond size of arena, return null
DEBUG tests/test_scratch_arena.c:233: 
------ test_arena_size_init
DEBUG tests/test_scratch_arena.c:234: 
------ test_arena_offset_init
DEBUG tests/test_scratch_arena.c:235: 
------ test_arena_previous_init
DEBUG tests/test_scratch_arena.c:236: 
------ test_alloc_normal
DEBUG tests/test_scratch_arena.c:237: 
------ test_hundred_bytes_align
DEBUG tests/test_scratch_arena.c:238: 
------ test_push_pop
DEBUG tests/test_scratch_arena.c:239: 
------ test_double_destroy
DEBUG tests/test_scratch_arena.c:240: 
------ test_pop_before_push
DEBUG tests/test_scratch_arena.c:241: 
------ test_zero_with_high_alignment
DEBUG tests/test_scratch_arena.c:242: 
------ test_overflow_huge_allocation
ERROR: allocation request beyond size of arena, return null
DEBUG tests/test_scratch_arena.c:243: 
------ test_odd_alignment
ERROR: Returning null due to unacceptable alignment request on allocation.
DEBUG tests/test_scratch_arena.c:244: 
------ test_one_align
DEBUG tests/test_scratch_arena.c:245: 
------ test_alignment_is_aligned
DEBUG tests/test_scratch_arena.c:249: ----- RUNNING: ./test_lib/scratch_arena_tests
DEBUG tests/test_scratch_arena.c:229: 
------ test_create_arena
DEBUG tests/test_scratch_arena.c:230: 
------ test_alloc_overflow
ERROR: allocation request beyond size of arena, return null
DEBUG tests/test_scratch_arena.c:231: 
------ test_alloc_zero_size
DEBUG tests/test_scratch_arena.c:232: 
------ test_alloc_exact_boundary
ERROR: allocation request beyond size of arena, return null
DEBUG tests/test_scratch_arena.c:233: 
------ test_arena_size_init
DEBUG tests/test_scratch_arena.c:234: 
------ test_arena_offset_init
DEBUG tests/test_scratch_arena.c:235: 
------ test_arena_previous_init
DEBUG tests/test_scratch_arena.c:236: 
------ test_alloc_normal
DEBUG tests/test_scratch_arena.c:237: 
------ test_hundred_bytes_align
DEBUG tests/test_scratch_arena.c:238: 
------ test_push_pop
DEBUG tests/test_scratch_arena.c:239: 
------ test_double_destroy
DEBUG tests/test_scratch_arena.c:240: 
------ test_pop_before_push
DEBUG tests/test_scratch_arena.c:241: 
------ test_zero_with_high_alignment
DEBUG tests/test_scratch_arena.c:242: 
------ test_overflow_huge_allocation
ERROR: allocation request beyond size of arena, return null
DEBUG tests/test_scratch_arena.c:243: 
------ test_odd_alignment
ERROR: Returning null due to unacceptable alignment request on allocation.
DEBUG tests/test_scratch_arena.c:244: 
------ test_one_align
DEBUG tests/test_scratch_arena.c:245: 
------ test_alignment_is_aligned
DEBUG tests/test_scratch_arena.c:262: ----- RUNNING: ./test_lib/scratch_arena_tests
DEBUG tests/test_scratch_arena.c:242: 
------ test_create_arena
DEBUG tests/test_scratch_arena.c:243: 
------ test_alloc_overflow
ERROR: allocation request beyond size of arena, return null
DEBUG tests/test_scratch_arena.c:244: 
------ test_alloc_zero_size
DEBUG tests/test_scratch_arena.c:245: 
------ test_alloc_exact_boundary
ERROR: allocation request beyond size of arena, return null
DEBUG tests/test_scratch_arena.c:246: 
------ test_arena_size_init
DEBUG tests/test_scratch_arena.c:247: 
------ test_arena_offset_init
DEBUG tests/test_scratch_arena.c:248: 
------ test_arena_previous_init
DEBUG tests/test_scratch_arena.c:249: 
------ test_alloc_normal
DEBUG tests/test_scratch_arena.c:250: 
------ test_hundred_bytes_align
DEBUG tests/test_scratch_arena.c:251: 
------ test_push_pop
DEBUG tests/test_scratch_arena.c:252: 
------ test_double_destroy
DEBUG tests/test_scratch_arena.c:253: 
------ test_pop_before_push
DEBUG tests/test_scratch_arena.c:254: 
------ test_zero_with_high_alignment
DEBUG tests/test_scratch_arena.c:255: 
------ test_overflow_huge_allocation
ERROR: allocation request beyond size of arena, return null
DEBUG tests/test_scratch_arena.c:256: 
------ test_odd_alignment
ERROR: Returning null due to unacceptable alignment request on allocation.
DEBUG tests/test_scratch_arena.c:257: 
------ test_one_align
DEBUG tests/test_scratch_arena.c:258: 
------ test_alignment_is_aligned
